ARM Linker, 5.03 [Build 24] [MDK-ARM Standard]

==============================================================================

Section Cross References

    startup_stm32f40xx.o(RESET) refers to startup_stm32f40xx.o(STACK) for __initial_sp
    startup_stm32f40xx.o(RESET) refers to startup_stm32f40xx.o(.text) for Reset_Handler
    startup_stm32f40xx.o(RESET) refers to stm32f4xx_it.o(i.NMI_Handler) for NMI_Handler
    startup_stm32f40xx.o(RESET) refers to stm32f4xx_it.o(i.HardFault_Handler) for HardFault_Handler
    startup_stm32f40xx.o(RESET) refers to stm32f4xx_it.o(i.MemManage_Handler) for MemManage_Handler
    startup_stm32f40xx.o(RESET) refers to stm32f4xx_it.o(i.BusFault_Handler) for BusFault_Handler
    startup_stm32f40xx.o(RESET) refers to stm32f4xx_it.o(i.UsageFault_Handler) for UsageFault_Handler
    startup_stm32f40xx.o(RESET) refers to stm32f4xx_it.o(i.SVC_Handler) for SVC_Handler
    startup_stm32f40xx.o(RESET) refers to stm32f4xx_it.o(i.DebugMon_Handler) for DebugMon_Handler
    startup_stm32f40xx.o(RESET) refers to stm32f4xx_it.o(i.PendSV_Handler) for PendSV_Handler
    startup_stm32f40xx.o(RESET) refers to systick.o(i.SysTick_Handler) for SysTick_Handler
    startup_stm32f40xx.o(RESET) refers to sensor.o(i.EXTI4_IRQHandler) for EXTI4_IRQHandler
    startup_stm32f40xx.o(RESET) refers to sensor.o(i.EXTI9_5_IRQHandler) for EXTI9_5_IRQHandler
    startup_stm32f40xx.o(RESET) refers to porttimer.o(i.TIM2_IRQHandler) for TIM2_IRQHandler
    startup_stm32f40xx.o(RESET) refers to tracking.o(i.TIM3_IRQHandler) for TIM3_IRQHandler
    startup_stm32f40xx.o(RESET) refers to sim900.o(i.USART1_IRQHandler) for USART1_IRQHandler
    startup_stm32f40xx.o(RESET) refers to rs485_com.o(i.USART2_IRQHandler) for USART2_IRQHandler
    startup_stm32f40xx.o(RESET) refers to comms.o(i.USART3_IRQHandler) for USART3_IRQHandler
    startup_stm32f40xx.o(RESET) refers to com.o(i.UART5_IRQHandler) for UART5_IRQHandler
    startup_stm32f40xx.o(RESET) refers to portserial.o(i.USART6_IRQHandler) for USART6_IRQHandler
    startup_stm32f40xx.o(.text) refers to system_stm32f4xx.o(i.SystemInit) for SystemInit
    startup_stm32f40xx.o(.text) refers to entry.o(.ARM.Collect$$$$00000000) for __main
    stm32f4xx_adc.o(i.ADC_DeInit) refers to stm32f4xx_rcc.o(i.RCC_APB2PeriphResetCmd) for RCC_APB2PeriphResetCmd
    stm32f4xx_flash.o(i.FLASH_EraseAllSectors) refers to stm32f4xx_flash.o(i.FLASH_WaitForLastOperation) for FLASH_WaitForLastOperation
    stm32f4xx_flash.o(i.FLASH_EraseSector) refers to stm32f4xx_flash.o(i.FLASH_WaitForLastOperation) for FLASH_WaitForLastOperation
    stm32f4xx_flash.o(i.FLASH_OB_Launch) refers to stm32f4xx_flash.o(i.FLASH_WaitForLastOperation) for FLASH_WaitForLastOperation
    stm32f4xx_flash.o(i.FLASH_OB_RDPConfig) refers to stm32f4xx_flash.o(i.FLASH_WaitForLastOperation) for FLASH_WaitForLastOperation
    stm32f4xx_flash.o(i.FLASH_OB_UserConfig) refers to stm32f4xx_flash.o(i.FLASH_WaitForLastOperation) for FLASH_WaitForLastOperation
    stm32f4xx_flash.o(i.FLASH_OB_WRP1Config) refers to stm32f4xx_flash.o(i.FLASH_WaitForLastOperation) for FLASH_WaitForLastOperation
    stm32f4xx_flash.o(i.FLASH_OB_WRPConfig) refers to stm32f4xx_flash.o(i.FLASH_WaitForLastOperation) for FLASH_WaitForLastOperation
    stm32f4xx_flash.o(i.FLASH_ProgramByte) refers to stm32f4xx_flash.o(i.FLASH_WaitForLastOperation) for FLASH_WaitForLastOperation
    stm32f4xx_flash.o(i.FLASH_ProgramDoubleWord) refers to stm32f4xx_flash.o(i.FLASH_WaitForLastOperation) for FLASH_WaitForLastOperation
    stm32f4xx_flash.o(i.FLASH_ProgramHalfWord) refers to stm32f4xx_flash.o(i.FLASH_WaitForLastOperation) for FLASH_WaitForLastOperation
    stm32f4xx_flash.o(i.FLASH_ProgramWord) refers to stm32f4xx_flash.o(i.FLASH_WaitForLastOperation) for FLASH_WaitForLastOperation
    stm32f4xx_flash.o(i.FLASH_WaitForLastOperation) refers to stm32f4xx_flash.o(i.FLASH_GetStatus) for FLASH_GetStatus
    stm32f4xx_gpio.o(i.GPIO_DeInit) refers to stm32f4xx_rcc.o(i.RCC_AHB1PeriphResetCmd) for RCC_AHB1PeriphResetCmd
    stm32f4xx_i2c.o(i.I2C_DeInit) refers to stm32f4xx_rcc.o(i.RCC_APB1PeriphResetCmd) for RCC_APB1PeriphResetCmd
    stm32f4xx_i2c.o(i.I2C_Init) refers to stm32f4xx_rcc.o(i.RCC_GetClocksFreq) for RCC_GetClocksFreq
    stm32f4xx_rcc.o(i.RCC_GetClocksFreq) refers to stm32f4xx_rcc.o(.data) for APBAHBPrescTable
    stm32f4xx_rcc.o(i.RCC_WaitForHSEStartUp) refers to stm32f4xx_rcc.o(i.RCC_GetFlagStatus) for RCC_GetFlagStatus
    stm32f4xx_spi.o(i.SPI_I2S_DeInit) refers to stm32f4xx_rcc.o(i.RCC_APB2PeriphResetCmd) for RCC_APB2PeriphResetCmd
    stm32f4xx_spi.o(i.SPI_I2S_DeInit) refers to stm32f4xx_rcc.o(i.RCC_APB1PeriphResetCmd) for RCC_APB1PeriphResetCmd
    stm32f4xx_tim.o(i.TIM_DeInit) refers to stm32f4xx_rcc.o(i.RCC_APB2PeriphResetCmd) for RCC_APB2PeriphResetCmd
    stm32f4xx_tim.o(i.TIM_DeInit) refers to stm32f4xx_rcc.o(i.RCC_APB1PeriphResetCmd) for RCC_APB1PeriphResetCmd
[...]
    .bss                                     0x20000f40   Section       96  comms.o(.bss)
    .bss                                     0x20000fa0   Section      272  rs485_com.o(.bss)
    .bss                                     0x200010b0   Section      784  sim900.o(.bss)
    .bss                                     0x200013c0   Section     1396  at_command_parser.o(.bss)
    STACK                                    0x20001938   Section     1024  startup_stm32f40xx.o(STACK)

    Global Symbols

    Symbol Name                              Value     Ov Type        Size  Object(Section)

    BuildAttributes$$THM_ISAv4$E$P$D$K$B$S$7EM$VFPi3$EXTD16$VFPS$VFMA$PE$A:L22UL41UL21$X:L11$S22US41US21$IEEE1$IW$USESV6$~STKCKD$USESV7$~SHL$OTIME$ROPI$IEEEJ$EBA8$MICROLIB$REQ8$PRES8$EABIv2 0x00000000   Number         0  anon$$obj.o ABSOLUTE
    __ARM_use_no_argv                        0x00000000   Number         0  main.o ABSOLUTE
    _printf_a                                0x00000000   Number         0  stubs.o ABSOLUTE
    _printf_c                                0x00000000   Number         0  stubs.o ABSOLUTE
    _printf_charcount                        0x00000000   Number         0  stubs.o ABSOLUTE
    _printf_d                                0x00000000   Number         0  stubs.o ABSOLUTE
    _printf_e                                0x00000000   Number         0  stubs.o ABSOLUTE
    _printf_f                                0x00000000   Number         0  stubs.o ABSOLUTE
    _printf_flags                            0x00000000   Number         0  stubs.o ABSOLUTE
    _printf_fp_dec                           0x00000000   Number         0  stubs.o ABSOLUTE
    _printf_fp_hex                           0x00000000   Number         0  stubs.o ABSOLUTE
    _printf_g                                0x00000000   Number         0  stubs.o ABSOLUTE
    _printf_i                                0x00000000   Number         0  stubs.o ABSOLUTE
    _printf_int_dec                          0x00000000   Number         0  stubs.o ABSOLUTE
    _printf_l                                0x00000000   Number         0  stubs.o ABSOLUTE
    _printf_lc                               0x00000000   Number         0  stubs.o ABSOLUTE
    _printf_ll                               0x00000000   Number         0  stubs.o ABSOLUTE
    _printf_lld                              0x00000000   Number         0  stubs.o ABSOLUTE
    _printf_lli                              0x00000000   Number         0  stubs.o ABSOLUTE
    _printf_llo                              0x00000000   Number         0  stubs.o ABSOLUTE
    _printf_llu                              0x00000000   Number         0  stubs.o ABSOLUTE
    _printf_llx                              0x00000000   Number         0  stubs.o ABSOLUTE
    _printf_longlong_dec                     0x00000000   Number         0  stubs.o ABSOLUTE
    _printf_longlong_hex                     0x00000000   Number         0  stubs.o ABSOLUTE
    _printf_longlong_oct                     0x00000000   Number         0  stubs.o ABSOLUTE
    _printf_ls                               0x00000000   Number         0  stubs.o ABSOLUTE
    _printf_mbtowc                           0x00000000   Number         0  stubs.o ABSOLUTE
    _printf_n                                0x00000000   Number         0  stubs.o ABSOLUTE
    _printf_o                                0x00000000   Number         0  stubs.o ABSOLUTE
    _printf_p                                0x00000000   Number         0  stubs.o ABSOLUTE
    _printf_percent                          0x00000000   Number         0  stubs.o ABSOLUTE
    _printf_pre_padding                      0x00000000   Number         0  stubs.o ABSOLUTE
    _printf_return_value                     0x00000000   Number         0  stubs.o ABSOLUTE
    _printf_s                                0x00000000   Number         0  stubs.o ABSOLUTE
    _printf_sizespec                         0x00000000   Number         0  stubs.o ABSOLUTE
    _printf_str                              0x00000000   Number         0  stubs.o ABSOLUTE
    _printf_truncate_signed                  0x00000000   Number         0  stubs.o ABSOLUTE
    _printf_truncate_unsigned                0x00000000   Number         0  stubs.o ABSOLUTE
    _printf_u                                0x00000000   Number         0  stubs.o ABSOLUTE
    _printf_wc                               0x00000000   Number         0  stubs.o ABSOLUTE
    _printf_wctomb                           0x00000000   Number         0  stubs.o ABSOLUTE
    _printf_widthprec                        0x00000000   Number         0  stubs.o ABSOLUTE
    _printf_x                                0x00000000   Number         0  stubs.o ABSOLUTE
    __cpp_initialize__aeabi_                  - Undefined Weak Reference
    __cxa_finalize                            - Undefined Weak Reference
    _clock_init                               - Undefined Weak Reference
    _microlib_exit                            - Undefined Weak Reference
    _scanf_longlong                           - Undefined Weak Reference
    _scanf_string                             - Undefined Weak Reference
    __Vectors_Size                           0x00000188   Number         0  startup_stm32f40xx.o ABSOLUTE
    __Vectors                                0x08000000   Data           4  startup_stm32f40xx.o(RESET)
    __Vectors_End                            0x08000188   Data           0  startup_stm32f40xx.o(RESET)
    __main                                   0x08000189   Thumb Code     0  entry.o(.ARM.Collect$$$$00000000)
    _main_stk                                0x08000189   Thumb Code     0  entry2.o(.ARM.Collect$$$$00000001)
    _main_scatterload                        0x0800018d   Thumb Code     0  entry5.o(.ARM.Collect$$$$00000004)
    __main_after_scatterload                 0x08000191   Thumb Code     0  entry5.o(.ARM.Collect$$$$00000004)
    _main_clock                              0x08000191   Thumb Code     0  entry7b.o(.ARM.Collect$$$$00000008)
    _main_cpp_init                           0x08000191   Thumb Code     0  entry8b.o(.ARM.Collect$$$$0000000A)
    _main_init                               0x08000191   Thumb Code     0  entry9a.o(.ARM.Collect$$$$0000000B)
    __rt_final_cpp                           0x08000199   Thumb Code     0  entry10a.o(.ARM.Collect$$$$0000000D)
    __rt_final_exit                          0x08000199   Thumb Code     0  entry11a.o(.ARM.Collect$$$$0000000F)
    Reset_Handler                            0x0800019d   Thumb Code     8  startup_stm32f40xx.o(.text)
    ADC_IRQHandler                           0x080001b7   Thumb Code     0  startup_stm32f40xx.o(.text)
    CAN1_RX0_IRQHandler                      0x080001b7   Thumb Code     0  startup_stm32f40xx.o(.text)
    CAN1_RX1_IRQHandler                      0x080001b7   Thumb Code     0  startup_stm32f40xx.o(.text)
    CAN1_SCE_IRQHandler                      0x080001b7   Thumb Code     0  startup_stm32f40xx.o(.text)
    CAN1_TX_IRQHandler                       0x080001b7   Thumb Code     0  startup_stm32f40xx.o(.text)
    CAN2_RX0_IRQHandler                      0x080001b7   Thumb Code     0  startup_stm32f40xx.o(.text)
    CAN2_RX1_IRQHandler                      0x080001b7   Thumb Code     0  startup_stm32f40xx.o(.text)
    CAN2_SCE_IRQHandler                      0x080001b7   Thumb Code     0  startup_stm32f40xx.o(.text)
    CAN2_TX_IRQHandler                       0x080001b7   Thumb Code     0  startup_stm32f40xx.o(.text)
    CRYP_IRQHandler                          0x080001b7   Thumb Code     0  startup_stm32f40xx.o(.text)
    DCMI_IRQHandler                          0x080001b7   Thumb Code     0  startup_stm32f40xx.o(.text)
    DMA1_Stream0_IRQHandler                  0x080001b7   Thumb Code     0  startup_stm32f40xx.o(.text)
    DMA1_Stream1_IRQHandler                  0x080001b7   Thumb Code     0  startup_stm32f40xx.o(.text)
    DMA1_Stream2_IRQHandler                  0x080001b7   Thumb Code     0  startup_stm32f40xx.o(.text)
    DMA1_Stream3_IRQHandler                  0x080001b7   Thumb Code     0  startup_stm32f40xx.o(.text)
    DMA1_Stream4_IRQHandler                  0x080001b7   Thumb Code     0  startup_stm32f40xx.o(.text)
    DMA1_Stream5_IRQHandler                  0x080001b7   Thumb Code     0  startup_stm32f40xx.o(.text)
    DMA1_Stream6_IRQHandler                  0x080001b7   Thumb Code     0  startup_stm32f40xx.o(.text)
    DMA1_Stream7_IRQHandler                  0x080001b7   Thumb Code     0  startup_stm32f40xx.o(.text)
    DMA2_Stream0_IRQHandler                  0x080001b7   Thumb Code     0  startup_stm32f40xx.o(.text)
    DMA2_Stream1_IRQHandler                  0x080001b7   Thumb Code     0  startup_stm32f40xx.o(.text)
    DMA2_Stream2_IRQHandler                  0x080001b7   Thumb Code     0  startup_stm32f40xx.o(.text)
    DMA2_Stream3_IRQHandler                  0x080001b7   Thumb Code     0  startup_stm32f40xx.o(.text)
    DMA2_Stream4_IRQHandler                  0x080001b7   Thumb Code     0  startup_stm32f40xx.o(.text)
    DMA2_Stream5_IRQHandler                  0x080001b7   Thumb Code     0  startup_stm32f40xx.o(.text)
    DMA2_Stream6_IRQHandler                  0x080001b7   Thumb Code     0  startup_stm32f40xx.o(.text)
    DMA2_Stream7_IRQHandler                  0x080001b7   Thumb Code     0  startup_stm32f40xx.o(.text)
    ETH_IRQHandler                           0x080001b7   Thumb Code     0  startup_stm32f40xx.o(.text)
    ETH_WKUP_IRQHandler                      0x080001b7   Thumb Code     0  startup_stm32f40xx.o(.text)
    EXTI0_IRQHandler                         0x080001b7   Thumb Code     0  startup_stm32f40xx.o(.text)
    EXTI15_10_IRQHandler                     0x080001b7   Thumb Code     0  startup_stm32f40xx.o(.text)
    EXTI1_IRQHandler                         0x080001b7   Thumb Code     0  startup_stm32f40xx.o(.text)
    EXTI2_IRQHandler                         0x080001b7   Thumb Code     0  startup_stm32f40xx.o(.text)
    EXTI3_IRQHandler                         0x080001b7   Thumb Code     0  startup_stm32f40xx.o(.text)
    FLASH_IRQHandler                         0x080001b7   Thumb Code     0  startup_stm32f40xx.o(.text)
    FPU_IRQHandler                           0x080001b7   Thumb Code     0  startup_stm32f40xx.o(.text)
    FSMC_IRQHandler                          0x080001b7   Thumb Code     0  startup_stm32f40xx.o(.text)
    HASH_RNG_IRQHandler                      0x080001b7   Thumb Code     0  startup_stm32f40xx.o(.text)
    I2C1_ER_IRQHandler                       0x080001b7   Thumb Code     0  startup_stm32f40xx.o(.text)
    I2C1_EV_IRQHandler                       0x080001b7   Thumb Code     0  startup_stm32f40xx.o(.text)
    I2C2_ER_IRQHandler                       0x080001b7   Thumb Code     0  startup_stm32f40xx.o(.text)
    I2C2_EV_IRQHandler                       0x080001b7   Thumb Code     0  startup_stm32f40xx.o(.text)
    I2C3_ER_IRQHandler                       0x080001b7   Thumb Code     0  startup_stm32f40xx.o(.text)
    I2C3_EV_IRQHandler                       0x080001b7   Thumb Code     0  startup_stm32f40xx.o(.text)
    OTG_FS_IRQHandler                        0x080001b7   Thumb Code     0  startup_stm32f40xx.o(.text)
    OTG_FS_WKUP_IRQHandler                   0x080001b7   Thumb Code     0  startup_stm32f40xx.o(.text)
    OTG_HS_EP1_IN_IRQHandler                 0x080001b7   Thumb Code     0  startup_stm32f40xx.o(.text)
    OTG_HS_EP1_OUT_IRQHandler                0x080001b7   Thumb Code     0  startup_stm32f40xx.o(.text)
    OTG_HS_IRQHandler                        0x080001b7   Thumb Code     0  startup_stm32f40xx.o(.text)
    OTG_HS_WKUP_IRQHandler                   0x080001b7   Thumb Code     0  startup_stm32f40xx.o(.text)
    PVD_IRQHandler                           0x080001b7   Thumb Code     0  startup_stm32f40xx.o(.text)
    RCC_IRQHandler                           0x080001b7   Thumb Code     0  startup_stm32f40xx.o(.text)
    RTC_Alarm_IRQHandler                     0x080001b7   Thumb Code     0  startup_stm32f40xx.o(.text)
    RTC_WKUP_IRQHandler                      0x080001b7   Thumb Code     0  startup_stm32f40xx.o(.text)
    SDIO_IRQHandler                          0x080001b7   Thumb Code     0  startup_stm32f40xx.o(.text)
    SPI1_IRQHandler                          0x080001b7   Thumb Code     0  startup_stm32f40xx.o(.text)
    SPI2_IRQHandler                          0x080001b7   Thumb Code     0  startup_stm32f40xx.o(.text)
    SPI3_IRQHandler                          0x080001b7   Thumb Code     0  startup_stm32f40xx.o(.text)
    TAMP_STAMP_IRQHandler                    0x080001b7   Thumb Code     0  startup_stm32f40xx.o(.text)
    TIM1_BRK_TIM9_IRQHandler                 0x080001b7   Thumb Code     0  startup_stm32f40xx.o(.text)
    TIM1_CC_IRQHandler                       0x080001b7   Thumb Code     0  startup_stm32f40xx.o(.text)
    TIM1_TRG_COM_TIM11_IRQHandler            0x080001b7   Thumb Code     0  startup_stm32f40xx.o(.text)
    TIM1_UP_TIM10_IRQHandler                 0x080001b7   Thumb Code     0  startup_stm32f40xx.o(.text)
    TIM4_IRQHandler                          0x080001b7   Thumb Code     0  startup_stm32f40xx.o(.text)
    TIM5_IRQHandler                          0x080001b7   Thumb Code     0  startup_stm32f40xx.o(.text)
    TIM6_DAC_IRQHandler                      0x080001b7   Thumb Code     0  startup_stm32f40xx.o(.text)
    TIM7_IRQHandler                          0x080001b7   Thumb Code     0  startup_stm32f40xx.o(.text)
    TIM8_BRK_TIM12_IRQHandler                0x080001b7   Thumb Code     0  startup_stm32f40xx.o(.text)
    TIM8_CC_IRQHandler                       0x080001b7   Thumb Code     0  startup_stm32f40xx.o(.text)
    TIM8_TRG_COM_TIM14_IRQHandler            0x080001b7   Thumb Code     0  startup_stm32f40xx.o(.text)
    TIM8_UP_TIM13_IRQHandler                 0x080001b7   Thumb Code     0  startup_stm32f40xx.o(.text)
    UART4_IRQHandler                         0x080001b7   Thumb Code     0  startup_stm32f40xx.o(.text)
    WWDG_IRQHandler                          0x080001b7   Thumb Code     0  startup_stm32f40xx.o(.text)
    __aeabi_uldivmod                         0x080001c1   Thumb Code    98  uldiv.o(.text)
    __aeabi_memcpy                           0x08000223   Thumb Code    36  memcpya.o(.text)
    __aeabi_memcpy4                          0x08000223   Thumb Code     0  memcpya.o(.text)
    __aeabi_memcpy8                          0x08000223   Thumb Code     0  memcpya.o(.text)
    __aeabi_dadd                             0x08000247   Thumb Code   322  dadd.o(.text)
    __aeabi_dsub                             0x08000389   Thumb Code     6  dadd.o(.text)
    __aeabi_drsub                            0x0800038f   Thumb Code     6  dadd.o(.text)
    __aeabi_dmul                             0x08000395   Thumb Code   228  dmul.o(.text)
    __aeabi_ddiv                             0x08000479   Thumb Code   222  ddiv.o(.text)
    __aeabi_ui2d                             0x08000557   Thumb Code    26  dfltui.o(.text)
    __aeabi_f2d                              0x08000571   Thumb Code    38  f2d.o(.text)
    __aeabi_d2f                              0x08000597   Thumb Code    56  d2f.o(.text)
    __aeabi_uidiv                            0x080005cf   Thumb Code     0  uidiv.o(.text)
    __aeabi_uidivmod                         0x080005cf   Thumb Code    44  uidiv.o(.text)
    __aeabi_llsl                             0x080005fb   Thumb Code    30  llshl.o(.text)
    _ll_shift_l                              0x080005fb   Thumb Code     0  llshl.o(.text)
    __aeabi_llsr                             0x08000619   Thumb Code    32  llushr.o(.text)
    _ll_ushift_r                             0x08000619   Thumb Code     0  llushr.o(.text)
    __aeabi_lasr                             0x08000639   Thumb Code    36  llsshr.o(.text)
    _ll_sshift_r                             0x08000639   Thumb Code     0  llsshr.o(.text)
    __I$use$fp                               0x0800065d   Thumb Code     0  iusefp.o(.text)
    _float_round                             0x0800065d   Thumb Code    18  fepilogue.o(.text)
    _float_epilogue                          0x0800066f   Thumb Code    90  fepilogue.o(.text)
    _double_round                            0x080006c9   Thumb Code    26  depilogue.o(.text)
    _double_epilogue                         0x080006e3   Thumb Code   164  depilogue.o(.text)
    __aeabi_d2ulz                            0x08000787   Thumb Code    48  dfixul.o(.text)
    __aeabi_cdrcmple                         0x080007b9   Thumb Code    38  cdrcmple.o(.text)
    __scatterload                            0x080007e1   Thumb Code    28  init.o(.text)
    __scatterload_rt2                        0x080007e1   Thumb Code     0  init.o(.text)
    __decompress                             0x08000805   Thumb Code     0  __dczerorl2.o(.text)
    __decompress1                            0x08000805   Thumb Code    92  __dczerorl2.o(.text)
    ADC_2_Degree                             0x08000861   Thumb Code    96  sensor.o(i.ADC_2_Degree)
    ADC_Average                              0x080008cd   Thumb Code   124  adc.o(i.ADC_Average)
    ADC_Cmd                                  0x08000959   Thumb Code    22  stm32f4xx_adc.o(i.ADC_Cmd)
    ADC_CommonInit                           0x08000971   Thumb Code    44  stm32f4xx_adc.o(i.ADC_CommonInit)
    ADC_Config                               0x080009a9   Thumb Code   274  adc.o(i.ADC_Config)
    ADC_DMACmd                               0x08000acd   Thumb Code    22  stm32f4xx_adc.o(i.ADC_DMACmd)
    ADC_DMARequestAfterLastTransferCmd       0x08000ae3   Thumb Code    22  stm32f4xx_adc.o(i.ADC_DMARequestAfterLastTransferCmd)
    ADC_DeInit                               0x08000af9   Thumb Code    22  stm32f4xx_adc.o(i.ADC_DeInit)
    ADC_Init                                 0x08000b11   Thumb Code    74  stm32f4xx_adc.o(i.ADC_Init)
    ADC_RegularChannelConfig                 0x08000b65   Thumb Code   184  stm32f4xx_adc.o(i.ADC_RegularChannelConfig)
    ADC_SoftwareStartConv                    0x08000c1d   Thumb Code    10  stm32f4xx_adc.o(i.ADC_SoftwareStartConv)
    AT_CmdProcessInit                        0x08000c29   Thumb Code    48  at_command_parser.o(i.AT_CmdProcessInit)
    AT_ComnandParser                         0x08000c69   Thumb Code   248  at_command_parser.o(i.AT_ComnandParser)
    BH1750_Begin                             0x08000d79   Thumb Code    30  bh1750.o(i.BH1750_Begin)
    BH1750_Configure                         0x08000d97   Thumb Code    64  bh1750.o(i.BH1750_Configure)
    BH1750_ReadLightLevel                    0x08000dd9   Thumb Code   376  bh1750.o(i.BH1750_ReadLightLevel)
    BH1750_write8                            0x08000f69   Thumb Code   152  bh1750.o(i.BH1750_write8)
    BMP180_Init                              0x0800100d   Thumb Code    50  bmp180.o(i.BMP180_Init)
    BusFault_Handler                         0x08001045   Thumb Code     4  stm32f4xx_it.o(i.BusFault_Handler)
    CallBusy                                 0x08001049   Thumb Code    10  at_command_parser.o(i.CallBusy)
    CellLoc_DeActive                         0x08001059   Thumb Code    10  at_command_parser.o(i.CellLoc_DeActive)
    CellLoc_Process                          0x08001069   Thumb Code    48  at_command_parser.o(i.CellLoc_Process)
    CheckTimeout                             0x080010a9   Thumb Code    70  systick.o(i.CheckTimeout)
    DMA_Cmd                                  0x080010ef   Thumb Code    22  stm32f4xx_dma.o(i.DMA_Cmd)
    DMA_DeInit                               0x08001105   Thumb Code   324  stm32f4xx_dma.o(i.DMA_DeInit)
    DMA_Init                                 0x0800125d   Thumb Code    82  stm32f4xx_dma.o(i.DMA_Init)
    DebugMon_Handler                         0x080012b5   Thumb Code     2  stm32f4xx_it.o(i.DebugMon_Handler)
    EXTI4_IRQHandler                         0x080012b9   Thumb Code    28  sensor.o(i.EXTI4_IRQHandler)
    EXTI9_5_IRQHandler                       0x080012d9   Thumb Code    28  sensor.o(i.EXTI9_5_IRQHandler)
    EXTI_ClearITPendingBit                   0x080012f9   Thumb Code     6  stm32f4xx_exti.o(i.EXTI_ClearITPendingBit)
    EXTI_GetITStatus                         0x08001305   Thumb Code    34  stm32f4xx_exti.o(i.EXTI_GetITStatus)
    EXTI_Init                                0x0800132d   Thumb Code   142  stm32f4xx_exti.o(i.EXTI_Init)
    GPIO_Init                                0x080013c1   Thumb Code   144  stm32f4xx_gpio.o(i.GPIO_Init)
    GPIO_PinAFConfig                         0x08001451   Thumb Code    70  stm32f4xx_gpio.o(i.GPIO_PinAFConfig)
    GPIO_ReadInputDataBit                    0x08001497   Thumb Code    18  stm32f4xx_gpio.o(i.GPIO_ReadInputDataBit)
    GPIO_ReadOutputDataBit                   0x080014a9   Thumb Code    18  stm32f4xx_gpio.o(i.GPIO_ReadOutputDataBit)
    GPIO_StructInit                          0x080014bb   Thumb Code    18  stm32f4xx_gpio.o(i.GPIO_StructInit)
    GPIO_WriteBit                            0x080014cd   Thumb Code    10  stm32f4xx_gpio.o(i.GPIO_WriteBit)
    GPRS_DeActive                            0x080014d9   Thumb Code    18  at_command_parser.o(i.GPRS_DeActive)
    GPRS_GetData                             0x080014f5   Thumb Code   264  at_command_parser.o(i.GPRS_GetData)
    GetBatteryStatus                         0x0800161d   Thumb Code   108  at_command_parser.o(i.GetBatteryStatus)
    GetCallerNumber                          0x08001695   Thumb Code    34  at_command_parser.o(i.GetCallerNumber)
    GetModemClock                            0x080016c5   Thumb Code     6  at_command_parser.o(i.GetModemClock)
    GetTick                                  0x080016cd   Thumb Code     6  systick.o(i.GetTick)
    HardFault_Handler                        0x080016d9   Thumb Code     4  stm32f4xx_it.o(i.HardFault_Handler)
    I2C1_Init                                0x080016dd   Thumb Code   166  i2c.o(i.I2C1_Init)
    I2C_AcknowledgeConfig                    0x0800178d   Thumb Code    24  stm32f4xx_i2c.o(i.I2C_AcknowledgeConfig)
    I2C_CheckEvent                           0x080017a5   Thumb Code    42  stm32f4xx_i2c.o(i.I2C_CheckEvent)
    I2C_Cmd                                  0x080017cf   Thumb Code    24  stm32f4xx_i2c.o(i.I2C_Cmd)
    I2C_DeInit                               0x080017e9   Thumb Code    82  stm32f4xx_i2c.o(i.I2C_DeInit)
    I2C_GenerateSTART                        0x08001849   Thumb Code    24  stm32f4xx_i2c.o(i.I2C_GenerateSTART)
    I2C_GenerateSTOP                         0x08001861   Thumb Code    24  stm32f4xx_i2c.o(i.I2C_GenerateSTOP)
    I2C_GetFlagStatus                        0x08001879   Thumb Code    58  stm32f4xx_i2c.o(i.I2C_GetFlagStatus)
    I2C_Init                                 0x080018b5   Thumb Code   218  stm32f4xx_i2c.o(i.I2C_Init)
    I2C_ReceiveData                          0x0800199d   Thumb Code     8  stm32f4xx_i2c.o(i.I2C_ReceiveData)
    I2C_Send7bitAddress                      0x080019a5   Thumb Code    16  stm32f4xx_i2c.o(i.I2C_Send7bitAddress)
    I2C_SendData                             0x080019b5   Thumb Code     4  stm32f4xx_i2c.o(i.I2C_SendData)
    InitTimeout                              0x080019b9   Thumb Code    22  systick.o(i.InitTimeout)
    MemManage_Handler                        0x080019cf   Thumb Code     4  stm32f4xx_it.o(i.MemManage_Handler)
    NMI_Handler                              0x080019d3   Thumb Code     2  stm32f4xx_it.o(i.NMI_Handler)
    NVIC_Init                                0x080019d5   Thumb Code   108  misc.o(i.NVIC_Init)
    NVIC_PriorityGroupConfig                 0x08001a4d   Thumb Code    10  misc.o(i.NVIC_PriorityGroupConfig)
    OutPut_Init                              0x08001ab1   Thumb Code    72  sensor.o(i.OutPut_Init)
    PendSV_Handler                           0x08001afd   Thumb Code     2  stm32f4xx_it.o(i.PendSV_Handler)
    PressLight_Init                          0x08001b01   Thumb Code    16  sensor.o(i.PressLight_Init)
    RCC_AHB1PeriphClockCmd                   0x08001b15   Thumb Code    26  stm32f4xx_rcc.o(i.RCC_AHB1PeriphClockCmd)
    RCC_APB1PeriphClockCmd                   0x08001b35   Thumb Code    26  stm32f4xx_rcc.o(i.RCC_APB1PeriphClockCmd)
    RCC_APB1PeriphResetCmd                   0x08001b55   Thumb Code    26  stm32f4xx_rcc.o(i.RCC_APB1PeriphResetCmd)
    RCC_APB2PeriphClockCmd                   0x08001b75   Thumb Code    26  stm32f4xx_rcc.o(i.RCC_APB2PeriphClockCmd)
    RCC_APB2PeriphResetCmd                   0x08001b95   Thumb Code    26  stm32f4xx_rcc.o(i.RCC_APB2PeriphResetCmd)
    RCC_GetClocksFreq                        0x08001bb5   Thumb Code   214  stm32f4xx_rcc.o(i.RCC_GetClocksFreq)
    RF_Enable                                0x08001c9d   Thumb Code    16  main.o(i.RF_Enable)
    RF_PinConfig                             0x08001cb1   Thumb Code    50  main.o(i.RF_PinConfig)
    RINGBUF_Init                             0x08001ce9   Thumb Code    30  ringbuf.o(i.RINGBUF_Init)
    RINGBUF_Put                              0x08001d07   Thumb Code    42  ringbuf.o(i.RINGBUF_Put)
    RainSum_Init                             0x08001d31   Thumb Code   112  sensor.o(i.RainSum_Init)
    Read_Voltage                             0x08001da5   Thumb Code   114  sensor.o(i.Read_Voltage)
    RemaskSocket                             0x08001e2d   Thumb Code    40  at_command_parser.o(i.RemaskSocket)
    RingCallProcess                          0x08001e5d   Thumb Code     6  at_command_parser.o(i.RingCallProcess)
    SHT_InitPin                              0x08001e65   Thumb Code    96  sht1x.o(i.SHT_InitPin)
    SHT_delay_us                             0x08001ed5   Thumb Code    16  sht1x.o(i.SHT_delay_us)
    SHT_getData16SHT                         0x08001ee5   Thumb Code   134  sht1x.o(i.SHT_getData16SHT)
    SHT_readHumidity                         0x08001f7d   Thumb Code   314  sht1x.o(i.SHT_readHumidity)
    SHT_readTemperatureC                     0x080020d5   Thumb Code    86  sht1x.o(i.SHT_readTemperatureC)
    SHT_readTemperatureRaw                   0x08002139   Thumb Code    48  sht1x.o(i.SHT_readTemperatureRaw)
    SHT_sendCommandSHT                       0x08002171   Thumb Code   318  sht1x.o(i.SHT_sendCommandSHT)
    SHT_shiftIn                              0x080022c5   Thumb Code    96  sht1x.o(i.SHT_shiftIn)
    SHT_shiftOut                             0x08002335   Thumb Code   122  sht1x.o(i.SHT_shiftOut)
    SHT_skipCrcSHT                           0x080023c1   Thumb Code    78  sht1x.o(i.SHT_skipCrcSHT)
    SHT_waitForResultSHT                     0x08002421   Thumb Code    92  sht1x.o(i.SHT_waitForResultSHT)
    SMS_NewMessage                           0x08002489   Thumb Code    12  at_command_parser.o(i.SMS_NewMessage)
    SMS_Process                              0x08002499   Thumb Code   146  at_command_parser.o(i.SMS_Process)
    SMS_ReadMsg                              0x08002541   Thumb Code   266  at_command_parser.o(i.SMS_ReadMsg)
    SVC_Handler                              0x08002675   Thumb Code     2  stm32f4xx_it.o(i.SVC_Handler)
    SYSCFG_EXTILineConfig                    0x08002679   Thumb Code    60  stm32f4xx_syscfg.o(i.SYSCFG_EXTILineConfig)
    Sensor_Init                              0x080026b9   Thumb Code    20  sensor.o(i.Sensor_Init)
    Sensor_Reset                             0x080026cd   Thumb Code    40  sensor.o(i.Sensor_Reset)
    Sensor_Update                            0x080026f9   Thumb Code   290  sensor.o(i.Sensor_Update)
    Socket0Close                             0x08002975   Thumb Code    16  at_command_parser.o(i.Socket0Close)
    Socket1Close                             0x0800298d   Thumb Code    16  at_command_parser.o(i.Socket1Close)
    Socket2Close                             0x080029a5   Thumb Code    16  at_command_parser.o(i.Socket2Close)
    Socket3Close                             0x080029bd   Thumb Code    16  at_command_parser.o(i.Socket3Close)
    Socket4Close                             0x080029d5   Thumb Code    16  at_command_parser.o(i.Socket4Close)
    Socket5Close                             0x080029ed   Thumb Code    16  at_command_parser.o(i.Socket5Close)
    Socket6Close                             0x08002a05   Thumb Code    16  at_command_parser.o(i.Socket6Close)
    Socket7Close                             0x08002a1d   Thumb Code    16  at_command_parser.o(i.Socket7Close)
    SysTick_Handler                          0x08002a35   Thumb Code   146  systick.o(i.SysTick_Handler)
    SysTick_Init                             0x08002add   Thumb Code    74  systick.o(i.SysTick_Init)
    SystemInit                               0x08002b2d   Thumb Code    88  system_stm32f4xx.o(i.SystemInit)
    TIM2_IRQHandler                          0x08002b95   Thumb Code    28  porttimer.o(i.TIM2_IRQHandler)
    TIM3_IRQHandler                          0x08002bb5   Thumb Code    48  tracking.o(i.TIM3_IRQHandler)
    TIME_AddSec                              0x08002bf1   Thumb Code    40  sys_time.o(i.TIME_AddSec)
    TIME_FromSec                             0x08002c19   Thumb Code    78  sys_time.o(i.TIME_FromSec)
    TIME_GetSec                              0x08002c67   Thumb Code   128  sys_time.o(i.TIME_GetSec)
    TIME_SEC                                 0x08002ce7   Thumb Code    10  systick.o(i.TIME_SEC)
    TIM_ClearITPendingBit                    0x08002cf1   Thumb Code     6  stm32f4xx_tim.o(i.TIM_ClearITPendingBit)
    TIM_Cmd                                  0x08002cf7   Thumb Code    24  stm32f4xx_tim.o(i.TIM_Cmd)
    TIM_Config                               0x08002d0f   Thumb Code    40  tracking.o(i.TIM_Config)
    TIM_GetCapture1                          0x08002d37   Thumb Code     6  stm32f4xx_tim.o(i.TIM_GetCapture1)
    TIM_GetITStatus                          0x08002d3d   Thumb Code    34  stm32f4xx_tim.o(i.TIM_GetITStatus)
    TIM_ITConfig                             0x08002d5f   Thumb Code    18  stm32f4xx_tim.o(i.TIM_ITConfig)
    TIM_OC1Init                              0x08002d71   Thumb Code   114  stm32f4xx_tim.o(i.TIM_OC1Init)
    TIM_OC1PreloadConfig                     0x08002ded   Thumb Code    18  stm32f4xx_tim.o(i.TIM_OC1PreloadConfig)
    TIM_PrescalerConfig                      0x08002dff   Thumb Code     6  stm32f4xx_tim.o(i.TIM_PrescalerConfig)
    TIM_SetCompare1                          0x08002e05   Thumb Code     4  stm32f4xx_tim.o(i.TIM_SetCompare1)
    TIM_SetCounter                           0x08002e09   Thumb Code     4  stm32f4xx_tim.o(i.TIM_SetCounter)
    TIM_TimeBaseInit                         0x08002e0d   Thumb Code   104  stm32f4xx_tim.o(i.TIM_TimeBaseInit)
    TIM_TimeBaseStructInit                   0x08002e91   Thumb Code    18  stm32f4xx_tim.o(i.TIM_TimeBaseStructInit)
    TempHud_Init                             0x08002ea5   Thumb Code    24  sensor.o(i.TempHud_Init)
    Tracking_Init                            0x08002ec5   Thumb Code   190  tracking.o(i.Tracking_Init)
    UART1_Init                               0x08002f9d   Thumb Code   192  uart.o(i.UART1_Init)
    UART2_Init                               0x0800306d   Thumb Code   162  uart.o(i.UART2_Init)
    UART3_Init                               0x08003119   Thumb Code   184  uart.o(i.UART3_Init)
    UART4_Init                               0x080031dd   Thumb Code   162  uart.o(i.UART4_Init)
    UART5_IRQHandler                         0x08003289   Thumb Code    50  com.o(i.UART5_IRQHandler)
    UART5_Init                               0x080032cd   Thumb Code   176  uart.o(i.UART5_Init)
    UART_Config                              0x08003389   Thumb Code    76  uart.o(i.UART_Config)
    USART1_IRQHandler                        0x080033e9   Thumb Code    38  sim900.o(i.USART1_IRQHandler)
    USART2_IRQHandler                        0x08003419   Thumb Code    32  rs485_com.o(i.USART2_IRQHandler)
    USART3_IRQHandler                        0x08003441   Thumb Code    50  comms.o(i.USART3_IRQHandler)
    USART6_IRQHandler                        0x08003485   Thumb Code    60  portserial.o(i.USART6_IRQHandler)
    USART_ClearITPendingBit                  0x080034cd   Thumb Code    30  stm32f4xx_usart.o(i.USART_ClearITPendingBit)
    USART_ClockInit                          0x080034eb   Thumb Code    32  stm32f4xx_usart.o(i.USART_ClockInit)
    USART_ClockStructInit                    0x0800350b   Thumb Code    12  stm32f4xx_usart.o(i.USART_ClockStructInit)
    USART_Cmd                                0x08003517   Thumb Code    24  stm32f4xx_usart.o(i.USART_Cmd)
    USART_DeInit                             0x08003531   Thumb Code   206  stm32f4xx_usart.o(i.USART_DeInit)
    USART_GetFlagStatus                      0x08003621   Thumb Code    26  stm32f4xx_usart.o(i.USART_GetFlagStatus)
    USART_GetITStatus                        0x0800363b   Thumb Code    84  stm32f4xx_usart.o(i.USART_GetITStatus)
    USART_ITConfig                           0x0800368f   Thumb Code    74  stm32f4xx_usart.o(i.USART_ITConfig)
    USART_Init                               0x080036d9   Thumb Code   204  stm32f4xx_usart.o(i.USART_Init)
    USART_ReceiveData                        0x080037ad   Thumb Code    10  stm32f4xx_usart.o(i.USART_ReceiveData)
    USART_SendData                           0x080037b7   Thumb Code     8  stm32f4xx_usart.o(i.USART_SendData)
    UsageFault_Handler                       0x080037bf   Thumb Code     4  stm32f4xx_it.o(i.UsageFault_Handler)
    WWDG_Enable                              0x080037c5   Thumb Code    10  stm32f4xx_wwdg.o(i.WWDG_Enable)
    WWDG_SetCounter                          0x080037d5   Thumb Code    10  stm32f4xx_wwdg.o(i.WWDG_SetCounter)
    WWDG_SetPrescaler                        0x080037e5   Thumb Code    18  stm32f4xx_wwdg.o(i.WWDG_SetPrescaler)
    WWDG_SetWindowValue                      0x080037fd   Thumb Code    34  stm32f4xx_wwdg.o(i.WWDG_SetWindowValue)
    WindDir_Sampling                         0x08003825   Thumb Code   166  sensor.o(i.WindDir_Sampling)
    WindSpeed_Init                           0x080038dd   Thumb Code   112  sensor.o(i.WindSpeed_Init)
    WindSpeed_Sampling                       0x08003951   Thumb Code   220  sensor.o(i.WindSpeed_Sampling)
    __0printf                                0x08003a59   Thumb Code    22  printfa.o(i.__0printf)
    __1printf                                0x08003a59   Thumb Code     0  printfa.o(i.__0printf)
    __2printf                                0x08003a59   Thumb Code     0  printfa.o(i.__0printf)
    __c89printf                              0x08003a59   Thumb Code     0  printfa.o(i.__0printf)
    printf                                   0x08003a59   Thumb Code     0  printfa.o(i.__0printf)
    __scatterload_copy                       0x08003a79   Thumb Code    14  handlers.o(i.__scatterload_copy)
    __scatterload_null                       0x08003a87   Thumb Code     2  handlers.o(i.__scatterload_null)
    __scatterload_zeroinit                   0x08003a89   Thumb Code    14  handlers.o(i.__scatterload_zeroinit)
    addLogPackage                            0x0800433d   Thumb Code   340  tracking.o(i.addLogPackage)
    delay_ms                                 0x080044e5   Thumb Code    26  systick.o(i.delay_ms)
    eMBASCIIInit                             0x08004501   Thumb Code    60  mbascii.o(i.eMBASCIIInit)
    eMBASCIIReceive                          0x08004541   Thumb Code    72  mbascii.o(i.eMBASCIIReceive)
    eMBASCIISend                             0x08004591   Thumb Code   106  mbascii.o(i.eMBASCIISend)
    eMBASCIIStart                            0x08004611   Thumb Code    28  mbascii.o(i.eMBASCIIStart)
    eMBASCIIStop                             0x08004631   Thumb Code    20  mbascii.o(i.eMBASCIIStop)
    eMBEnable                                0x08004645   Thumb Code    32  mb.o(i.eMBEnable)
    eMBFuncReadCoils                         0x0800466d   Thumb Code   174  mbfunccoils.o(i.eMBFuncReadCoils)
    eMBFuncReadDiscreteInputs                0x0800471b   Thumb Code   172  mbfuncdisc.o(i.eMBFuncReadDiscreteInputs)
    eMBFuncReadHoldingRegister               0x080047c7   Thumb Code   140  mbfuncholding.o(i.eMBFuncReadHoldingRegister)
    eMBFuncReadInputRegister                 0x08004853   Thumb Code   140  mbfuncinput.o(i.eMBFuncReadInputRegister)
    eMBFuncReadWriteMultipleHoldingRegister  0x080048df   Thumb Code   212  mbfuncholding.o(i.eMBFuncReadWriteMultipleHoldingRegister)
    eMBFuncReportSlaveID                     0x080049b5   Thumb Code    30  mbfuncother.o(i.eMBFuncReportSlaveID)
    eMBFuncWriteCoil                         0x080049dd   Thumb Code   112  mbfunccoils.o(i.eMBFuncWriteCoil)
    eMBFuncWriteHoldingRegister              0x08004a4d   Thumb Code    66  mbfuncholding.o(i.eMBFuncWriteHoldingRegister)
    eMBFuncWriteMultipleCoils                0x08004a8f   Thumb Code   144  mbfunccoils.o(i.eMBFuncWriteMultipleCoils)
    eMBFuncWriteMultipleHoldingRegister      0x08004b1f   Thumb Code   110  mbfuncholding.o(i.eMBFuncWriteMultipleHoldingRegister)
    eMBInit                                  0x08004b8d   Thumb Code   222  mb.o(i.eMBInit)
    eMBPoll                                  0x08004cd1   Thumb Code   268  mb.o(i.eMBPoll)
    eMBRTUInit                               0x08004e09   Thumb Code    76  mbrtu.o(i.eMBRTUInit)
    eMBRTUReceive                            0x08004e59   Thumb Code    74  mbrtu.o(i.eMBRTUReceive)
    eMBRTUSend                               0x08004ead   Thumb Code   120  mbrtu.o(i.eMBRTUSend)
    eMBRTUStart                              0x08004f39   Thumb Code    26  mbrtu.o(i.eMBRTUStart)
    eMBRTUStop                               0x08004f59   Thumb Code    20  mbrtu.o(i.eMBRTUStop)
    eMBRegCoilsCB                            0x08004f6d   Thumb Code     6  mbhandler.o(i.eMBRegCoilsCB)
    eMBRegDiscreteCB                         0x08004f73   Thumb Code     6  mbhandler.o(i.eMBRegDiscreteCB)
    eMBRegHoldingCB                          0x08004f79   Thumb Code   116  mbhandler.o(i.eMBRegHoldingCB)
    eMBRegInputCB                            0x08004ff5   Thumb Code     4  mbhandler.o(i.eMBRegInputCB)
    fputc                                    0x08004ff9   Thumb Code    32  uart.o(i.fputc)
    gmtime_r                                 0x0800501d   Thumb Code   366  m_time.o(i.gmtime_r)
    init                                     0x08005195   Thumb Code    62  main.o(i.init)
    loccoc                                   0x080051d9   Thumb Code    22  sht1x.o(i.loccoc)
    main                                     0x080051f1   Thumb Code   292  main.o(i.main)
    mbPolling                                0x080053c5   Thumb Code   122  mbhandler.o(i.mbPolling)
    mktime                                   0x08005461   Thumb Code  1188  m_time.o(i.mktime)
    pinMode                                  0x08005919   Thumb Code   144  sht1x.o(i.pinMode)
    prveMBError2Exception                    0x080059c5   Thumb Code    34  mbutils.o(i.prveMBError2Exception)
    usMBCRC16                                0x08005a51   Thumb Code    48  mbcrc.o(i.usMBCRC16)
    vMBPortSerialEnable                      0x08005a89   Thumb Code    64  portserial.o(i.vMBPortSerialEnable)
    vMBPortTimersDisable                     0x08005acd   Thumb Code    14  porttimer.o(i.vMBPortTimersDisable)
    vMBPortTimersEnable                      0x08005adb   Thumb Code    22  porttimer.o(i.vMBPortTimersEnable)
    xMBASCIIReceiveFSM                       0x08005af1   Thumb Code   276  mbascii.o(i.xMBASCIIReceiveFSM)
    xMBASCIITimerT1SExpired                  0x08005c19   Thumb Code    38  mbascii.o(i.xMBASCIITimerT1SExpired)
    xMBASCIITransmitFSM                      0x08005c45   Thumb Code   222  mbascii.o(i.xMBASCIITransmitFSM)
    xMBPortEventGet                          0x08005d39   Thumb Code    26  portevent.o(i.xMBPortEventGet)
    xMBPortEventInit                         0x08005d5d   Thumb Code    10  portevent.o(i.xMBPortEventInit)
    xMBPortEventPost                         0x08005d6d   Thumb Code    16  portevent.o(i.xMBPortEventPost)
    xMBPortSerialGetByte                     0x08005d85   Thumb Code    18  portserial.o(i.xMBPortSerialGetByte)
    xMBPortSerialInit                        0x08005d9d   Thumb Code   328  portserial.o(i.xMBPortSerialInit)
    xMBPortSerialPutByte                     0x08005ef5   Thumb Code    16  portserial.o(i.xMBPortSerialPutByte)
    xMBPortTimersInit                        0x08005f09   Thumb Code   110  porttimer.o(i.xMBPortTimersInit)
    xMBRTUReceiveFSM                         0x08005f79   Thumb Code   122  mbrtu.o(i.xMBRTUReceiveFSM)
    xMBRTUTimerT35Expired                    0x08006001   Thumb Code    60  mbrtu.o(i.xMBRTUTimerT35Expired)
    xMBRTUTransmitFSM                        0x08006041   Thumb Code    96  mbrtu.o(i.xMBRTUTransmitFSM)
    _ytab                                    0x080060ac   Data          96  m_time.o(.constdata)
    terminateStr                             0x0800630c   Data           7  at_command_parser.o(.constdata)
    Region$$Table$$Base                      0x0800650c   Number         0  anon$$obj.o(Region$$Table)
    Region$$Table$$Limit                     0x0800652c   Number         0  anon$$obj.o(Region$$Table)
    sendPri                                  0x20000010   Data           1  main.o(.data)
    main_started                             0x20000011   Data           1  main.o(.data)
    mainWDG                                  0x20000012   Data           2  main.o(.data)
    resetCnt                                 0x20000014   Data           2  main.o(.data)
    modemAvailableCnt                        0x20000016   Data           1  main.o(.data)
    flagCalling                              0x20000017   Data           1  main.o(.data)
    gprsTryNum                               0x20000018   Data           1  main.o(.data)
    nackCnt                                  0x2000001c   Data           4  main.o(.data)
    serverNumTry                             0x20000020   Data           4  main.o(.data)
    server_domain                            0x20000024   Data           4  main.o(.data)
    server_port                              0x20000028   Data           4  main.o(.data)
    temp                                     0x20000030   Data           4  main.o(.data)
    humid                                    0x20000034   Data           4  main.o(.data)
    light                                    0x20000038   Data           4  main.o(.data)
    pressure                                 0x2000003c   Data           4  main.o(.data)
    soilT                                    0x20000040   Data           4  main.o(.data)
    soilH                                    0x20000044   Data           4  main.o(.data)
    receiveLen                               0x20000048   Data           4  main.o(.data)
    u16Temp                                  0x2000004c   Data           2  main.o(.data)
    u32Temp                                  0x20000050   Data           4  main.o(.data)
    svUseIP                                  0x20000054   Data           1  main.o(.data)
    priServerIp                              0x20000058   Data           4  main.o(.data)
    svUseIP_ts                               0x2000005c   Data           1  main.o(.data)
    priServerIp_ts                           0x20000060   Data           4  main.o(.data)
    priServerPort_ts                         0x20000064   Data           2  main.o(.data)
    secServerIp                              0x20000068   Data           4  main.o(.data)
    priServerPort                            0x2000006c   Data           2  main.o(.data)
    secServerPort                            0x2000006e   Data           2  main.o(.data)
    curServer                                0x20000070   Data           1  main.o(.data)
    SystemCoreClock                          0x20000074   Data           4  system_stm32f4xx.o(.data)
    AHBPrescTable                            0x20000078   Data          16  system_stm32f4xx.o(.data)
    tick_cnt                                 0x20000088   Data           4  systick.o(.data)
    cnt0                                     0x2000008c   Data           2  systick.o(.data)
    cnt1                                     0x2000008e   Data           2  systick.o(.data)
    timeout                                  0x20000090   Data           2  systick.o(.data)
    ms_tick                                  0x20000098   Data           8  systick.o(.data)
    watchDogCnt                              0x200000a0   Data           2  systick.o(.data)
    sys_delay                                0x200000a4   Data           4  systick.o(.data)
    tickTimeSec                              0x200000a8   Data           4  systick.o(.data)
    ADC_Val                                  0x200000b0   Data           6  adc.o(.data)
    ADC_Med                                  0x200000b6   Data           6  adc.o(.data)
    _daylight                                0x200000bc   Data           4  m_time.o(.data)
    _dstbias                                 0x200000c0   Data           4  m_time.o(.data)
    _timezone                                0x200000c4   Data           4  m_time.o(.data)
    sysTime                                  0x200000c8   Data           8  sys_time.o(.data)
    start_sensor_flag                        0x200000d0   Data           1  sensor.o(.data)
    windspeed_cnt                            0x200000d4   Data           4  sensor.o(.data)
    latch_windspeed_cnt                      0x200000d8   Data           4  sensor.o(.data)
    rainsum_cnt                              0x200000dc   Data           4  sensor.o(.data)
    temperature                              0x200000e0   Data           4  sensor.o(.data)
    humidity                                 0x200000e4   Data           4  sensor.o(.data)
    temperature1                             0x200000e8   Data           4  sensor.o(.data)
    humidity1                                0x200000ec   Data           4  sensor.o(.data)
    pa                                       0x200000f0   Data           4  sensor.o(.data)
    lux                                      0x200000f4   Data           4  sensor.o(.data)
    rainPercent                              0x200000f8   Data           4  sensor.o(.data)
    rainPanelTemp                            0x200000fc   Data           4  sensor.o(.data)
    windDir                                  0x20000100   Data           4  sensor.o(.data)
    windDir_disp                             0x20000104   Data           2  sensor.o(.data)
    windDir_ADC                              0x20000108   Data           4  sensor.o(.data)
    windSpeed                                0x2000010c   Data           4  sensor.o(.data)
    fwindSpeed                               0x20000110   Data           4  sensor.o(.data)
    rainSum                                  0x20000114   Data           4  sensor.o(.data)
    voltage                                  0x20000118   Data           4  sensor.o(.data)
    CCR1_Val                                 0x20000120   Data           2  tracking.o(.data)
    CCR2_Val                                 0x20000122   Data           2  tracking.o(.data)
    CCR3_Val                                 0x20000124   Data           2  tracking.o(.data)
    CCR4_Val                                 0x20000126   Data           2  tracking.o(.data)
    PrescalerValue                           0x20000128   Data           2  tracking.o(.data)
    capture                                  0x2000012a   Data           2  tracking.o(.data)
    serverSendDataFlag                       0x2000012c   Data           1  tracking.o(.data)
    flagSendStatus                           0x2000012d   Data           1  tracking.o(.data)
    sendRainSum                              0x2000012e   Data           1  tracking.o(.data)
    usRegHoldingStart                        0x20000134   Data           2  mbhandler.o(.data)
    pxMBFrameCBByteReceived                  0x200001dc   Data           4  mb.o(.data)
    pxMBFrameCBTransmitterEmpty              0x200001e0   Data           4  mb.o(.data)
    pxMBPortCBTimerExpired                   0x200001e4   Data           4  mb.o(.data)
    pxMBFrameCBReceiveFSMCur                 0x200001e8   Data           4  mb.o(.data)
    pxMBFrameCBTransmitFSMCur                0x200001ec   Data           4  mb.o(.data)
    rxCounter                                0x20000212   Data           1  com.o(.data)
    slaveADDR                                0x20000213   Data           1  com.o(.data)
    resFlag                                  0x20000214   Data           1  com.o(.data)
    rxCounter1                               0x20000215   Data           1  comms.o(.data)
    slaveADDR1                               0x20000216   Data           1  comms.o(.data)
    resFlag1                                 0x20000217   Data           1  comms.o(.data)
    modemOk                                  0x20000218   Data           4  modem.o(.data)
    modemError                               0x2000021c   Data           4  modem.o(.data)
    modemRinging                             0x20000220   Data           1  modem.o(.data)
    modemStarted                             0x20000221   Data           1  modem.o(.data)
    csqValue                                 0x20000222   Data           1  modem.o(.data)
    gsmSignal                                0x20000223   Data           1  modem.o(.data)
    batteryPercent                           0x20000224   Data           4  modem.o(.data)
    modemInitFlag                            0x20000228   Data           1  modem.o(.data)
    gprsInitFlag                             0x20000229   Data           1  modem.o(.data)
    gprsStatus                               0x2000022a   Data           1  modem.o(.data)
    modemIP                                  0x2000022b   Data           4  modem.o(.data)
    cellInitFlag                             0x2000022f   Data           1  modem.o(.data)
    cellStatus                               0x20000230   Data           1  modem.o(.data)
    simInserted                              0x20000231   Data           1  modem.o(.data)
    modemStatus                              0x20000232   Data           1  modem.o(.data)
    AT_cmdState                              0x20000234   Data           1  at_command_parser.o(.data)
    cellLocationFlag                         0x20000235   Data           1  at_command_parser.o(.data)
    cellLength                               0x20000236   Data           1  at_command_parser.o(.data)
    smsCnt                                   0x20000238   Data           4  at_command_parser.o(.data)
    smsNewMessageFlag                        0x2000023c   Data           4  at_command_parser.o(.data)
    ringFlag                                 0x20000240   Data           4  at_command_parser.o(.data)
    inCalling                                0x20000244   Data           1  at_command_parser.o(.data)
    gprsRecvFlag                             0x20000246   Data           2  at_command_parser.o(.data)
    socketRecvFlag                           0x20000248   Data           1  at_command_parser.o(.data)
    gprsDataOffset                           0x2000024c   Data           4  at_command_parser.o(.data)
    tcpSocketStatus                          0x20000250   Data           4  at_command_parser.o(.data)
    socketMask                               0x20000254   Data           1  at_command_parser.o(.data)
    createSocketNow                          0x20000255   Data           1  at_command_parser.o(.data)
    socketRecvEnable                         0x20000258   Data           4  at_command_parser.o(.data)
    socketNo                                 0x2000025c   Data           4  at_command_parser.o(.data)
    tcpTimeReCheckData                       0x20000260   Data           4  at_command_parser.o(.data)
    dataPhase                                0x20000264   Data           1  at_command_parser.o(.data)
    flagSmsReadFinish                        0x20000265   Data           1  at_command_parser.o(.data)
    numCmd                                   0x20000288   Data           1  at_command_parser.o(.data)
    gprsRecvPt                               0x2000028c   Data           4  at_command_parser.o(.data)
    gprsRecvDataLen                          0x20000290   Data           4  at_command_parser.o(.data)
    GPRS_dataUnackLength                     0x20000294   Data           4  at_command_parser.o(.data)
    AT_cmdRecvLength                         0x20000298   Data           4  at_command_parser.o(.data)
    SHT_Status                               0x2000029c   Data           1  sht1x.o(.data)
    _datPort                                 0x200002a0   Data           4  sht1x.o(.data)
    _clkPort                                 0x200002a4   Data           4  sht1x.o(.data)
    _datPin                                  0x200002a8   Data           2  sht1x.o(.data)
    _clkPin                                  0x200002aa   Data           2  sht1x.o(.data)
    __stdout                                 0x200002ac   Data           4  stdout.o(.data)
    tGetInfo                                 0x200002b0   Data          12  main.o(.bss)
    tMODEMInit                               0x200002bc   Data          12  main.o(.bss)
    tMODEM_AvailableCheck                    0x200002c8   Data          12  main.o(.bss)
    tGPRSInit                                0x200002d4   Data          12  main.o(.bss)
    tSMSCheckTimeout                         0x200002e0   Data          12  main.o(.bss)
    tReConnectServer                         0x200002ec   Data          12  main.o(.bss)
    tTimeSync                                0x200002f8   Data          12  main.o(.bss)
    mainBuf                                  0x20000304   Data         768  main.o(.bss)
    tCheckPeriodSendData                     0x20000604   Data          12  main.o(.bss)
    tTimeReCheckAck                          0x20000610   Data          12  main.o(.bss)
    tThingSpeak                              0x2000061c   Data          12  main.o(.bss)
    tGetCellID                               0x20000628   Data          12  main.o(.bss)
    tSocketOn                                0x20000634   Data          12  main.o(.bss)
    uart1                                    0x20000640   Data         520  uart.o(.bss)
    uart3                                    0x20000848   Data         520  uart.o(.bss)
    uart5                                    0x20000a50   Data         520  uart.o(.bss)
    ADC_Sum                                  0x20000c58   Data          24  adc.o(.bss)
    _tmp                                     0x20000c70   Data          12  sensor.o(.bss)
    trackerMsg                               0x20000c7c   Data         171  tracking.o(.bss)
    logRecord                                0x20000d28   Data          56  tracking.o(.bss)
    logRecordTemp                            0x20000d60   Data          56  tracking.o(.bss)
    usRegHoldingBuf                          0x20000d98   Data          40  mbhandler.o(.bss)
    ucRTUBuf                                 0x20000dc0   Data         256  mbrtu.o(.bss)
    myRegBuf                                 0x20000ee0   Data          20  com.o(.bss)
    mbTimeout                                0x20000ef4   Data          12  com.o(.bss)
    rxBuffer                                 0x20000f00   Data          64  com.o(.bss)
    myRegBuf1                                0x20000f40   Data          20  comms.o(.bss)
    mbTimeout1                               0x20000f54   Data          12  comms.o(.bss)
    rxBuffer1                                0x20000f60   Data          64  comms.o(.bss)
    rs485RxBuff                              0x20000fa0   Data         256  rs485_com.o(.bss)
    rs485RingBuff                            0x200010a0   Data          16  rs485_com.o(.bss)
    UART1_RxBuff                             0x200010b0   Data         768  sim900.o(.bss)
    UART1_RxRingBuff                         0x200013b0   Data          16  sim900.o(.bss)
    smsUnreadBuff                            0x200013c0   Data          32  at_command_parser.o(.bss)
    gprsLengthBuff                           0x200013e0   Data          16  at_command_parser.o(.bss)
    cellLocationBuf                          0x200013f0   Data         128  at_command_parser.o(.bss)
    cmdCnt                                   0x20001470   Data          96  at_command_parser.o(.bss)
    callerPhoneNum                           0x200014d0   Data          16  at_command_parser.o(.bss)
    smsBuf                                   0x200014e0   Data         255  at_command_parser.o(.bss)
    smsSender                                0x200015df   Data          18  at_command_parser.o(.bss)
    smsUnreadRingBuff                        0x200015f4   Data          16  at_command_parser.o(.bss)
    gprsRingLengthBuff                       0x20001604   Data          16  at_command_parser.o(.bss)
    gprsRingBuff                             0x20001614   Data          16  at_command_parser.o(.bss)
    gprsRxBuff                               0x20001624   Data         768  at_command_parser.o(.bss)
    DNS_serverIp                             0x20001924   Data          16  at_command_parser.o(.bss)
    __initial_sp                             0x20001d38   Data           0  startup_stm32f40xx.o(STACK)



==============================================================================

Memory Map of the image

  Image Entry point : 0x08000189

  Load Region LR_IROM1 (Base: 0x08000000, Size: 0x000067dc, Max: 0x00080000, ABSOLUTE, COMPRESSED[0x000065b4])

    Execution Region ER_IROM1 (Base: 0x08000000, Size: 0x0000652c, Max: 0x00080000, ABSOLUTE)

    Base Addr    Size         Type   Attr      Idx    E Section Name        Object

    0x08000000   0x00000188   Data   RO            3    RESET               startup_stm32f40xx.o
    0x08000188   0x00000000   Code   RO         5946  * .ARM.Collect$$$$00000000  mc_w.l(entry.o)
    0x08000188   0x00000004   Code   RO         6282    .ARM.Collect$$$$00000001  mc_w.l(entry2.o)
    0x0800018c   0x00000004   Code   RO         6285    .ARM.Collect$$$$00000004  mc_w.l(entry5.o)
    0x08000190   0x00000000   Code   RO         6287    .ARM.Collect$$$$00000008  mc_w.l(entry7b.o)
    0x08000190   0x00000000   Code   RO         6289    .ARM.Collect$$$$0000000A  mc_w.l(entry8b.o)
    0x08000190   0x00000008   Code   RO         6290    .ARM.Collect$$$$0000000B  mc_w.l(entry9a.o)
    0x08000198   0x00000000   Code   RO         6292    .ARM.Collect$$$$0000000D  mc_w.l(entry10a.o)
    0x08000198   0x00000000   Code   RO         6294    .ARM.Collect$$$$0000000F  mc_w.l(entry11a.o)
    0x08000198   0x00000004   Code   RO         6283    .ARM.Collect$$$$00002712  mc_w.l(entry2.o)
    0x0800019c   0x00000024   Code   RO            4    .text               startup_stm32f40xx.o
    0x080001c0   0x00000062   Code   RO         5949    .text               mc_w.l(uldiv.o)
    0x08000222   0x00000024   Code   RO         5951    .text               mc_w.l(memcpya.o)
    0x08000246   0x0000014e   Code   RO         6268    .text               mf_w.l(dadd.o)
    0x08000394   0x000000e4   Code   RO         6270    .text               mf_w.l(dmul.o)
    0x08000478   0x000000de   Code   RO         6272    .text               mf_w.l(ddiv.o)
    0x08000556   0x0000001a   Code   RO         6274    .text               mf_w.l(dfltui.o)
    0x08000570   0x00000026   Code   RO         6276    .text               mf_w.l(f2d.o)
    0x08000596   0x00000038   Code   RO         6280    .text               mf_w.l(d2f.o)
    0x080005ce   0x0000002c   Code   RO         6297    .text               mc_w.l(uidiv.o)
    0x080005fa   0x0000001e   Code   RO         6299    .text               mc_w.l(llshl.o)
    0x08000618   0x00000020   Code   RO         6301    .text               mc_w.l(llushr.o)
    0x08000638   0x00000024   Code   RO         6303    .text               mc_w.l(llsshr.o)
    0x0800065c   0x00000000   Code   RO         6324    .text               mc_w.l(iusefp.o)
    0x0800065c   0x0000006c   Code   RO         6325    .text               mf_w.l(fepilogue.o)
    0x080006c8   0x000000be   Code   RO         6327    .text               mf_w.l(depilogue.o)
    0x08000786   0x00000030   Code   RO         6329    .text               mf_w.l(dfixul.o)
    0x080007b6   0x00000002   PAD
    0x080007b8   0x00000028   Code   RO         6331    .text               mf_w.l(cdrcmple.o)
    0x080007e0   0x00000024   Code   RO         6333    .text               mc_w.l(init.o)
    0x08000804   0x0000005c   Code   RO         6386    .text               mc_w.l(__dczerorl2.o)
    0x08000860   0x0000006c   Code   RO         3373    i.ADC_2_Degree      sensor.o
    0x080008cc   0x0000008c   Code   RO         3132    i.ADC_Average       adc.o
    0x08000958   0x00000016   Code   RO          167    i.ADC_Cmd           stm32f4xx_adc.o
    0x0800096e   0x00000002   PAD
    0x08000970   0x00000038   Code   RO          168    i.ADC_CommonInit    stm32f4xx_adc.o
    0x080009a8   0x00000124   Code   RO         3133    i.ADC_Config        adc.o
    0x08000acc   0x00000016   Code   RO          171    i.ADC_DMACmd        stm32f4xx_adc.o
    0x08000ae2   0x00000016   Code   RO          172    i.ADC_DMARequestAfterLastTransferCmd  stm32f4xx_adc.o
    0x08000af8   0x00000016   Code   RO          173    i.ADC_DeInit        stm32f4xx_adc.o
    0x08000b0e   0x00000002   PAD
    0x08000b10   0x00000054   Code   RO          187    i.ADC_Init          stm32f4xx_adc.o
    0x08000b64   0x000000b8   Code   RO          192    i.ADC_RegularChannelConfig  stm32f4xx_adc.o
    0x08000c1c   0x0000000a   Code   RO          194    i.ADC_SoftwareStartConv  stm32f4xx_adc.o
    0x08000c26   0x00000002   PAD
    0x08000c28   0x00000040   Code   RO         5428    i.AT_CmdProcessInit  at_command_parser.o
    0x08000c68   0x00000110   Code   RO         5430    i.AT_ComnandParser  at_command_parser.o
    0x08000d78   0x0000001e   Code   RO         5901    i.BH1750_Begin      bh1750.o
    0x08000d96   0x00000040   Code   RO         5902    i.BH1750_Configure  bh1750.o
    0x08000dd6   0x00000002   PAD
    0x08000dd8   0x00000190   Code   RO         5903    i.BH1750_ReadLightLevel  bh1750.o
    0x08000f68   0x000000a4   Code   RO         5904    i.BH1750_write8     bh1750.o
    0x0800100c   0x00000038   Code   RO         5817    i.BMP180_Init       bmp180.o
    0x08001044   0x00000004   Code   RO         2654    i.BusFault_Handler  stm32f4xx_it.o
    0x08001048   0x00000010   Code   RO         5432    i.CallBusy          at_command_parser.o
    0x08001058   0x00000010   Code   RO         5433    i.CellLoc_DeActive  at_command_parser.o
    0x08001068   0x00000040   Code   RO         5435    i.CellLoc_Process   at_command_parser.o
    0x080010a8   0x00000046   Code   RO         2853    i.CheckTimeout      systick.o
    0x080010ee   0x00000016   Code   RO          405    i.DMA_Cmd           stm32f4xx_dma.o
    0x08001104   0x00000158   Code   RO          406    i.DMA_DeInit        stm32f4xx_dma.o
    0x0800125c   0x00000058   Code   RO          417    i.DMA_Init          stm32f4xx_dma.o
    0x080012b4   0x00000002   Code   RO         2655    i.DebugMon_Handler  stm32f4xx_it.o
    0x080012b6   0x00000002   PAD
    0x080012b8   0x00000020   Code   RO         3374    i.EXTI4_IRQHandler  sensor.o
    0x080012d8   0x00000020   Code   RO         3375    i.EXTI9_5_IRQHandler  sensor.o
    0x080012f8   0x0000000c   Code   RO          532    i.EXTI_ClearITPendingBit  stm32f4xx_exti.o
    0x08001304   0x00000028   Code   RO          536    i.EXTI_GetITStatus  stm32f4xx_exti.o
    0x0800132c   0x00000094   Code   RO          537    i.EXTI_Init         stm32f4xx_exti.o
    0x080013c0   0x00000090   Code   RO          800    i.GPIO_Init         stm32f4xx_gpio.o
    0x08001450   0x00000046   Code   RO          801    i.GPIO_PinAFConfig  stm32f4xx_gpio.o
    0x08001496   0x00000012   Code   RO          804    i.GPIO_ReadInputDataBit  stm32f4xx_gpio.o
    0x080014a8   0x00000012   Code   RO          806    i.GPIO_ReadOutputDataBit  stm32f4xx_gpio.o
    0x080014ba   0x00000012   Code   RO          809    i.GPIO_StructInit   stm32f4xx_gpio.o
    0x080014cc   0x0000000a   Code   RO          812    i.GPIO_WriteBit     stm32f4xx_gpio.o
    0x080014d6   0x00000002   PAD
    0x080014d8   0x0000001c   Code   RO         5441    i.GPRS_DeActive     at_command_parser.o
    0x080014f4   0x00000128   Code   RO         5443    i.GPRS_GetData      at_command_parser.o
    0x0800161c   0x00000078   Code   RO         5447    i.GetBatteryStatus  at_command_parser.o
    0x08001694   0x00000030   Code   RO         5448    i.GetCallerNumber   at_command_parser.o
    0x080016c4   0x00000006   Code   RO         5450    i.GetModemClock     at_command_parser.o
    0x080016ca   0x00000002   PAD
    0x080016cc   0x0000000c   Code   RO         2854    i.GetTick           systick.o
    0x080016d8   0x00000004   Code   RO         2656    i.HardFault_Handler  stm32f4xx_it.o
    0x080016dc   0x000000b0   Code   RO         3564    i.I2C1_Init         i2c.o
    0x0800178c   0x00000018   Code   RO          898    i.I2C_AcknowledgeConfig  stm32f4xx_i2c.o
    0x080017a4   0x0000002a   Code   RO          901    i.I2C_CheckEvent    stm32f4xx_i2c.o
    0x080017ce   0x00000018   Code   RO          904    i.I2C_Cmd           stm32f4xx_i2c.o
    0x080017e6   0x00000002   PAD
    0x080017e8   0x00000060   Code   RO          907    i.I2C_DeInit        stm32f4xx_i2c.o
    0x08001848   0x00000018   Code   RO          912    i.I2C_GenerateSTART  stm32f4xx_i2c.o
    0x08001860   0x00000018   Code   RO          913    i.I2C_GenerateSTOP  stm32f4xx_i2c.o
    0x08001878   0x0000003a   Code   RO          914    i.I2C_GetFlagStatus  stm32f4xx_i2c.o
    0x080018b2   0x00000002   PAD
    0x080018b4   0x000000e8   Code   RO          919    i.I2C_Init          stm32f4xx_i2c.o
    0x0800199c   0x00000008   Code   RO          924    i.I2C_ReceiveData   stm32f4xx_i2c.o
    0x080019a4   0x00000010   Code   RO          926    i.I2C_Send7bitAddress  stm32f4xx_i2c.o
    0x080019b4   0x00000004   Code   RO          927    i.I2C_SendData      stm32f4xx_i2c.o
    0x080019b8   0x00000016   Code   RO         2855    i.InitTimeout       systick.o
    0x080019ce   0x00000004   Code   RO         2657    i.MemManage_Handler  stm32f4xx_it.o
    0x080019d2   0x00000002   Code   RO         2658    i.NMI_Handler       stm32f4xx_it.o
    0x080019d4   0x00000078   Code   RO           12    i.NVIC_Init         misc.o
    0x08001a4c   0x00000014   Code   RO           13    i.NVIC_PriorityGroupConfig  misc.o
    0x08001a60   0x00000028   Code   RO         2856    i.NVIC_SetPriority  systick.o
    0x08001a88   0x00000028   Code   RO         2857    i.NVIC_SystemReset  systick.o
    0x08001ab0   0x0000004c   Code   RO         3376    i.OutPut_Init       sensor.o
    0x08001afc   0x00000002   Code   RO         2659    i.PendSV_Handler    stm32f4xx_it.o
    0x08001afe   0x00000002   PAD
    0x08001b00   0x00000014   Code   RO         3377    i.PressLight_Init   sensor.o
    0x08001b14   0x00000020   Code   RO         1121    i.RCC_AHB1PeriphClockCmd  stm32f4xx_rcc.o
    0x08001b34   0x00000020   Code   RO         1130    i.RCC_APB1PeriphClockCmd  stm32f4xx_rcc.o
    0x08001b54   0x00000020   Code   RO         1132    i.RCC_APB1PeriphResetCmd  stm32f4xx_rcc.o
    0x08001b74   0x00000020   Code   RO         1133    i.RCC_APB2PeriphClockCmd  stm32f4xx_rcc.o
    0x08001b94   0x00000020   Code   RO         1135    i.RCC_APB2PeriphResetCmd  stm32f4xx_rcc.o
    0x08001bb4   0x000000e8   Code   RO         1142    i.RCC_GetClocksFreq  stm32f4xx_rcc.o
    0x08001c9c   0x00000014   Code   RO         2434    i.RF_Enable         main.o
    0x08001cb0   0x00000038   Code   RO         2435    i.RF_PinConfig      main.o
    0x08001ce8   0x0000001e   Code   RO         3209    i.RINGBUF_Init      ringbuf.o
    0x08001d06   0x0000002a   Code   RO         3210    i.RINGBUF_Put       ringbuf.o
    0x08001d30   0x00000074   Code   RO         3380    i.RainSum_Init      sensor.o
    0x08001da4   0x00000088   Code   RO         3381    i.Read_Voltage      sensor.o
    0x08001e2c   0x00000030   Code   RO         5451    i.RemaskSocket      at_command_parser.o
    0x08001e5c   0x00000006   Code   RO         5452    i.RingCallProcess   at_command_parser.o
    0x08001e62   0x00000002   PAD
    0x08001e64   0x00000070   Code   RO         5711    i.SHT_InitPin       sht1x.o
    0x08001ed4   0x00000010   Code   RO         5712    i.SHT_delay_us      sht1x.o
    0x08001ee4   0x00000098   Code   RO         5713    i.SHT_getData16SHT  sht1x.o
    0x08001f7c   0x00000158   Code   RO         5714    i.SHT_readHumidity  sht1x.o
    0x080020d4   0x00000064   Code   RO         5715    i.SHT_readTemperatureC  sht1x.o
    0x08002138   0x00000038   Code   RO         5717    i.SHT_readTemperatureRaw  sht1x.o
    0x08002170   0x00000154   Code   RO         5718    i.SHT_sendCommandSHT  sht1x.o
    0x080022c4   0x00000070   Code   RO         5719    i.SHT_shiftIn       sht1x.o
    0x08002334   0x0000008c   Code   RO         5720    i.SHT_shiftOut      sht1x.o
    0x080023c0   0x00000060   Code   RO         5721    i.SHT_skipCrcSHT    sht1x.o
    0x08002420   0x00000068   Code   RO         5722    i.SHT_waitForResultSHT  sht1x.o
    0x08002488   0x00000010   Code   RO         5453    i.SMS_NewMessage    at_command_parser.o
    0x08002498   0x000000a8   Code   RO         5454    i.SMS_Process       at_command_parser.o
    0x08002540   0x00000134   Code   RO         5455    i.SMS_ReadMsg       at_command_parser.o
    0x08002674   0x00000002   Code   RO         2660    i.SVC_Handler       stm32f4xx_it.o
    0x08002676   0x00000002   PAD
    0x08002678   0x00000040   Code   RO         2386    i.SYSCFG_EXTILineConfig  stm32f4xx_syscfg.o
    0x080026b8   0x00000014   Code   RO         3383    i.Sensor_Init       sensor.o
    0x080026cc   0x0000002c   Code   RO         3385    i.Sensor_Reset      sensor.o
    0x080026f8   0x00000190   Code   RO         3386    i.Sensor_Update     sensor.o
    0x08002888   0x000000ec   Code   RO         2727    i.SetSysClock       system_stm32f4xx.o
    0x08002974   0x00000018   Code   RO         5456    i.Socket0Close      at_command_parser.o
    0x0800298c   0x00000018   Code   RO         5457    i.Socket1Close      at_command_parser.o
    0x080029a4   0x00000018   Code   RO         5458    i.Socket2Close      at_command_parser.o
    0x080029bc   0x00000018   Code   RO         5459    i.Socket3Close      at_command_parser.o
    0x080029d4   0x00000018   Code   RO         5460    i.Socket4Close      at_command_parser.o
    0x080029ec   0x00000018   Code   RO         5461    i.Socket5Close      at_command_parser.o
    0x08002a04   0x00000018   Code   RO         5462    i.Socket6Close      at_command_parser.o
    0x08002a1c   0x00000018   Code   RO         5463    i.Socket7Close      at_command_parser.o
    0x08002a34   0x000000a8   Code   RO         2859    i.SysTick_Handler   systick.o
    0x08002adc   0x00000050   Code   RO         2860    i.SysTick_Init      systick.o
    0x08002b2c   0x00000068   Code   RO         2729    i.SystemInit        system_stm32f4xx.o
    0x08002b94   0x00000020   Code   RO         4001    i.TIM2_IRQHandler   porttimer.o
    0x08002bb4   0x0000003c   Code   RO         3591    i.TIM3_IRQHandler   tracking.o
    0x08002bf0   0x00000028   Code   RO         3282    i.TIME_AddSec       sys_time.o
    0x08002c18   0x0000004e   Code   RO         3285    i.TIME_FromSec      sys_time.o
    0x08002c66   0x00000080   Code   RO         3286    i.TIME_GetSec       sys_time.o
    0x08002ce6   0x0000000a   Code   RO         2862    i.TIME_SEC          systick.o
    0x08002cf0   0x00000006   Code   RO         1582    i.TIM_ClearITPendingBit  stm32f4xx_tim.o
    0x08002cf6   0x00000018   Code   RO         1587    i.TIM_Cmd           stm32f4xx_tim.o
    0x08002d0e   0x00000028   Code   RO         3592    i.TIM_Config        tracking.o
    0x08002d36   0x00000006   Code   RO         1602    i.TIM_GetCapture1   stm32f4xx_tim.o
    0x08002d3c   0x00000022   Code   RO         1608    i.TIM_GetITStatus   stm32f4xx_tim.o
    0x08002d5e   0x00000012   Code   RO         1612    i.TIM_ITConfig      stm32f4xx_tim.o
    0x08002d70   0x0000007c   Code   RO         1616    i.TIM_OC1Init       stm32f4xx_tim.o
    0x08002dec   0x00000012   Code   RO         1619    i.TIM_OC1PreloadConfig  stm32f4xx_tim.o
    0x08002dfe   0x00000006   Code   RO         1636    i.TIM_PrescalerConfig  stm32f4xx_tim.o
    0x08002e04   0x00000004   Code   RO         1649    i.TIM_SetCompare1   stm32f4xx_tim.o
    0x08002e08   0x00000004   Code   RO         1653    i.TIM_SetCounter    stm32f4xx_tim.o
    0x08002e0c   0x00000084   Code   RO         1659    i.TIM_TimeBaseInit  stm32f4xx_tim.o
    0x08002e90   0x00000012   Code   RO         1660    i.TIM_TimeBaseStructInit  stm32f4xx_tim.o
    0x08002ea2   0x00000002   PAD
    0x08002ea4   0x00000020   Code   RO         3388    i.TempHud_Init      sensor.o
    0x08002ec4   0x000000d8   Code   RO         3593    i.Tracking_Init     tracking.o
    0x08002f9c   0x000000d0   Code   RO         2955    i.UART1_Init        uart.o
    0x0800306c   0x000000ac   Code   RO         2956    i.UART2_Init        uart.o
    0x08003118   0x000000c4   Code   RO         2957    i.UART3_Init        uart.o
    0x080031dc   0x000000ac   Code   RO         2958    i.UART4_Init        uart.o
    0x08003288   0x00000044   Code   RO         4481    i.UART5_IRQHandler  com.o
    0x080032cc   0x000000bc   Code   RO         2959    i.UART5_Init        uart.o
    0x08003388   0x00000060   Code   RO         2961    i.UART_Config       uart.o
    0x080033e8   0x00000030   Code   RO         5372    i.USART1_IRQHandler  sim900.o
    0x08003418   0x00000028   Code   RO         4612    i.USART2_IRQHandler  rs485_com.o
    0x08003440   0x00000044   Code   RO         4532    i.USART3_IRQHandler  comms.o
    0x08003484   0x00000048   Code   RO         3954    i.USART6_IRQHandler  portserial.o
    0x080034cc   0x0000001e   Code   RO         2134    i.USART_ClearITPendingBit  stm32f4xx_usart.o
    0x080034ea   0x00000020   Code   RO         2135    i.USART_ClockInit   stm32f4xx_usart.o
    0x0800350a   0x0000000c   Code   RO         2136    i.USART_ClockStructInit  stm32f4xx_usart.o
    0x08003516   0x00000018   Code   RO         2137    i.USART_Cmd         stm32f4xx_usart.o
    0x0800352e   0x00000002   PAD
    0x08003530   0x000000f0   Code   RO         2139    i.USART_DeInit      stm32f4xx_usart.o
    0x08003620   0x0000001a   Code   RO         2140    i.USART_GetFlagStatus  stm32f4xx_usart.o
    0x0800363a   0x00000054   Code   RO         2141    i.USART_GetITStatus  stm32f4xx_usart.o
    0x0800368e   0x0000004a   Code   RO         2143    i.USART_ITConfig    stm32f4xx_usart.o
    0x080036d8   0x000000d4   Code   RO         2144    i.USART_Init        stm32f4xx_usart.o
    0x080037ac   0x0000000a   Code   RO         2151    i.USART_ReceiveData  stm32f4xx_usart.o
    0x080037b6   0x00000008   Code   RO         2154    i.USART_SendData    stm32f4xx_usart.o
    0x080037be   0x00000004   Code   RO         2661    i.UsageFault_Handler  stm32f4xx_it.o
    0x080037c2   0x00000002   PAD
    0x080037c4   0x00000010   Code   RO         2323    i.WWDG_Enable       stm32f4xx_wwdg.o
    0x080037d4   0x00000010   Code   RO         2326    i.WWDG_SetCounter   stm32f4xx_wwdg.o
    0x080037e4   0x00000018   Code   RO         2327    i.WWDG_SetPrescaler  stm32f4xx_wwdg.o
    0x080037fc   0x00000028   Code   RO         2328    i.WWDG_SetWindowValue  stm32f4xx_wwdg.o
    0x08003824   0x000000b8   Code   RO         3391    i.WindDir_Sampling  sensor.o
    0x080038dc   0x00000074   Code   RO         3392    i.WindSpeed_Init    sensor.o
    0x08003950   0x00000108   Code   RO         3393    i.WindSpeed_Sampling  sensor.o
    0x08003a58   0x00000020   Code   RO         6206    i.__0printf         mc_w.l(printfa.o)
    0x08003a78   0x0000000e   Code   RO         6380    i.__scatterload_copy  mc_w.l(handlers.o)
    0x08003a86   0x00000002   Code   RO         6381    i.__scatterload_null  mc_w.l(handlers.o)
    0x08003a88   0x0000000e   Code   RO         6382    i.__scatterload_zeroinit  mc_w.l(handlers.o)
    0x08003a96   0x00000002   PAD
    0x08003a98   0x0000015c   Code   RO         6213    i._fp_digits        mc_w.l(printfa.o)
    0x08003bf4   0x000006f0   Code   RO         6214    i._printf_core      mc_w.l(printfa.o)
    0x080042e4   0x00000026   Code   RO         6215    i._printf_post_padding  mc_w.l(printfa.o)
    0x0800430a   0x00000030   Code   RO         6216    i._printf_pre_padding  mc_w.l(printfa.o)
    0x0800433a   0x00000002   PAD
    0x0800433c   0x000001a8   Code   RO         3594    i.addLogPackage     tracking.o
    0x080044e4   0x0000001a   Code   RO         2863    i.delay_ms          systick.o
    0x080044fe   0x00000002   PAD
    0x08004500   0x00000040   Code   RO         4204    i.eMBASCIIInit      mbascii.o
    0x08004540   0x00000050   Code   RO         4205    i.eMBASCIIReceive   mbascii.o
    0x08004590   0x00000080   Code   RO         4206    i.eMBASCIISend      mbascii.o
    0x08004610   0x00000020   Code   RO         4207    i.eMBASCIIStart     mbascii.o
    0x08004630   0x00000014   Code   RO         4208    i.eMBASCIIStop      mbascii.o
    0x08004644   0x00000028   Code   RO         4041    i.eMBEnable         mb.o
    0x0800466c   0x000000ae   Code   RO         4307    i.eMBFuncReadCoils  mbfunccoils.o
    0x0800471a   0x000000ac   Code   RO         4342    i.eMBFuncReadDiscreteInputs  mbfuncdisc.o
    0x080047c6   0x0000008c   Code   RO         4362    i.eMBFuncReadHoldingRegister  mbfuncholding.o
    0x08004852   0x0000008c   Code   RO         4400    i.eMBFuncReadInputRegister  mbfuncinput.o
    0x080048de   0x000000d4   Code   RO         4363    i.eMBFuncReadWriteMultipleHoldingRegister  mbfuncholding.o
    0x080049b2   0x00000002   PAD
    0x080049b4   0x00000028   Code   RO         4420    i.eMBFuncReportSlaveID  mbfuncother.o
    0x080049dc   0x00000070   Code   RO         4308    i.eMBFuncWriteCoil  mbfunccoils.o
    0x08004a4c   0x00000042   Code   RO         4364    i.eMBFuncWriteHoldingRegister  mbfuncholding.o
    0x08004a8e   0x00000090   Code   RO         4309    i.eMBFuncWriteMultipleCoils  mbfunccoils.o
    0x08004b1e   0x0000006e   Code   RO         4365    i.eMBFuncWriteMultipleHoldingRegister  mbfuncholding.o
    0x08004b8c   0x00000144   Code   RO         4042    i.eMBInit           mb.o
    0x08004cd0   0x00000138   Code   RO         4043    i.eMBPoll           mb.o
    0x08004e08   0x00000050   Code   RO         4132    i.eMBRTUInit        mbrtu.o
    0x08004e58   0x00000054   Code   RO         4133    i.eMBRTUReceive     mbrtu.o
    0x08004eac   0x0000008c   Code   RO         4134    i.eMBRTUSend        mbrtu.o
    0x08004f38   0x00000020   Code   RO         4135    i.eMBRTUStart       mbrtu.o
    0x08004f58   0x00000014   Code   RO         4136    i.eMBRTUStop        mbrtu.o
    0x08004f6c   0x00000006   Code   RO         3820    i.eMBRegCoilsCB     mbhandler.o
    0x08004f72   0x00000006   Code   RO         3821    i.eMBRegDiscreteCB  mbhandler.o
    0x08004f78   0x0000007c   Code   RO         3822    i.eMBRegHoldingCB   mbhandler.o
    0x08004ff4   0x00000004   Code   RO         3823    i.eMBRegInputCB     mbhandler.o
    0x08004ff8   0x00000024   Code   RO         2962    i.fputc             uart.o
    0x0800501c   0x00000178   Code   RO         3252    i.gmtime_r          m_time.o
    0x08005194   0x00000044   Code   RO         2436    i.init              main.o
    0x080051d8   0x00000016   Code   RO         5723    i.loccoc            sht1x.o
    0x080051ee   0x00000002   PAD
    0x080051f0   0x000001d4   Code   RO         2437    i.main              main.o
    0x080053c4   0x0000009c   Code   RO         3825    i.mbPolling         mbhandler.o
    0x08005460   0x000004b8   Code   RO         3254    i.mktime            m_time.o
    0x08005918   0x000000ac   Code   RO         5724    i.pinMode           sht1x.o
    0x080059c4   0x00000022   Code   RO         4449    i.prveMBError2Exception  mbutils.o
    0x080059e6   0x00000022   Code   RO         4209    i.prvucMBBIN2CHAR   mbascii.o
    0x08005a08   0x00000026   Code   RO         4210    i.prvucMBCHAR2BIN   mbascii.o
    0x08005a2e   0x00000020   Code   RO         4211    i.prvucMBLRC        mbascii.o
    0x08005a4e   0x00000002   PAD
    0x08005a50   0x00000038   Code   RO         4110    i.usMBCRC16         mbcrc.o
    0x08005a88   0x00000044   Code   RO         3955    i.vMBPortSerialEnable  portserial.o
    0x08005acc   0x0000000e   Code   RO         4002    i.vMBPortTimersDisable  porttimer.o
    0x08005ada   0x00000016   Code   RO         4003    i.vMBPortTimersEnable  porttimer.o
    0x08005af0   0x00000128   Code   RO         4212    i.xMBASCIIReceiveFSM  mbascii.o
    0x08005c18   0x0000002c   Code   RO         4213    i.xMBASCIITimerT1SExpired  mbascii.o
    0x08005c44   0x000000f4   Code   RO         4214    i.xMBASCIITransmitFSM  mbascii.o
    0x08005d38   0x00000024   Code   RO         3906    i.xMBPortEventGet   portevent.o
    0x08005d5c   0x00000010   Code   RO         3907    i.xMBPortEventInit  portevent.o
    0x08005d6c   0x00000018   Code   RO         3908    i.xMBPortEventPost  portevent.o
    0x08005d84   0x00000018   Code   RO         3956    i.xMBPortSerialGetByte  portserial.o
    0x08005d9c   0x00000158   Code   RO         3957    i.xMBPortSerialInit  portserial.o
    0x08005ef4   0x00000014   Code   RO         3958    i.xMBPortSerialPutByte  portserial.o
    0x08005f08   0x0000006e   Code   RO         4004    i.xMBPortTimersInit  porttimer.o
    0x08005f76   0x00000002   PAD
    0x08005f78   0x00000088   Code   RO         4137    i.xMBRTUReceiveFSM  mbrtu.o
    0x08006000   0x00000040   Code   RO         4138    i.xMBRTUTimerT35Expired  mbrtu.o
    0x08006040   0x0000006c   Code   RO         4139    i.xMBRTUTransmitFSM  mbrtu.o
    0x080060ac   0x00000060   Data   RO         3255    .constdata          m_time.o
    0x0800610c   0x00000200   Data   RO         4111    .constdata          mbcrc.o
    0x0800630c   0x000001e8   Data   RO         5466    .constdata          at_command_parser.o
    0x080064f4   0x0000000f   Data   RO         2440    .conststring        main.o
    0x08006503   0x00000009   Data   RO         5181    .conststring        modem.o
    0x0800650c   0x00000020   Data   RO         6378    Region$$Table       anon$$obj.o


    Execution Region RW_IRAM1 (Base: 0x20000000, Size: 0x00001d38, Max: 0x00020000, ABSOLUTE, COMPRESSED[0x00000088])

    Base Addr    Size         Type   Attr      Idx    E Section Name        Object

    0x20000000   0x00000010   Data   RW         1166    .data               stm32f4xx_rcc.o
    0x20000010   0x00000061   Data   RW         2441    .data               main.o
    0x20000071   0x00000003   PAD
    0x20000074   0x00000014   Data   RW         2730    .data               system_stm32f4xx.o
    0x20000088   0x00000024   Data   RW         2865    .data               systick.o
    0x200000ac   0x00000010   Data   RW         3135    .data               adc.o
    0x200000bc   0x0000000c   Data   RW         3256    .data               m_time.o
    0x200000c8   0x00000008   Data   RW         3287    .data               sys_time.o
    0x200000d0   0x0000004f   Data   RW         3395    .data               sensor.o
    0x2000011f   0x00000001   PAD
    0x20000120   0x00000013   Data   RW         3596    .data               tracking.o
    0x20000133   0x00000001   PAD
    0x20000134   0x00000002   Data   RW         3831    .data               mbhandler.o
    0x20000136   0x00000002   Data   RW         3909    .data               portevent.o
    0x20000138   0x000000b8   Data   RW         4045    .data               mb.o
    0x200001f0   0x0000000c   Data   RW         4141    .data               mbrtu.o
    0x200001fc   0x00000014   Data   RW         4215    .data               mbascii.o
    0x20000210   0x00000002   Data   RW         4423    .data               mbfuncother.o
    0x20000212   0x00000003   Data   RW         4487    .data               com.o
    0x20000215   0x00000003   Data   RW         4538    .data               comms.o
    0x20000218   0x0000001b   Data   RW         5182    .data               modem.o
    0x20000233   0x00000001   PAD
    0x20000234   0x00000068   Data   RW         5467    .data               at_command_parser.o
    0x2000029c   0x00000010   Data   RW         5725    .data               sht1x.o
    0x200002ac   0x00000004   Data   RW         6296    .data               mc_w.l(stdout.o)
    0x200002b0   0x00000390   Zero   RW         2438    .bss                main.o
    0x20000640   0x00000618   Zero   RW         2965    .bss                uart.o
    0x20000c58   0x00000018   Zero   RW         3134    .bss                adc.o
    0x20000c70   0x0000000c   Zero   RW         3394    .bss                sensor.o
    0x20000c7c   0x0000011c   Zero   RW         3595    .bss                tracking.o
    0x20000d98   0x00000028   Zero   RW         3830    .bss                mbhandler.o
    0x20000dc0   0x00000100   Zero   RW         4140    .bss                mbrtu.o
    0x20000ec0   0x00000020   Zero   RW         4422    .bss                mbfuncother.o
    0x20000ee0   0x00000060   Zero   RW         4486    .bss                com.o
    0x20000f40   0x00000060   Zero   RW         4537    .bss                comms.o
    0x20000fa0   0x00000110   Zero   RW         4613    .bss                rs485_com.o
    0x200010b0   0x00000310   Zero   RW         5373    .bss                sim900.o
    0x200013c0   0x00000574   Zero   RW         5465    .bss                at_command_parser.o
    0x20001934   0x00000004   PAD
    0x20001938   0x00000400   Zero   RW            1    STACK               startup_stm32f40xx.o


==============================================================================

Image component sizes


      Code (inc. data)   RO Data    RW Data    ZI Data      Debug   Object Name

       432         34          0         16         24       1765   adc.o
      1668        276        488        104       1396      15373   at_command_parser.o
       658         36          0          0          0       3042   bh1750.o
        56          6          0          0          0        574   bmp180.o
        68         18          0          3         96       1141   com.o
        68         18          0          3         96       1168   comms.o
       176         10          0          0          0        620   i2c.o
      1584         30         96         12          0       2865   m_time.o
       612        192         15         97        912      10209   main.o
       676        154          0        184          0       4592   mb.o
      1012         92          0         20          0       8059   mbascii.o
        56          8        512          0          0       1104   mbcrc.o
       430          0          0          0          0       3670   mbfunccoils.o
       172          0          0          0          0       1544   mbfuncdisc.o
       528          0          0          0          0       4887   mbfuncholding.o
       140          0          0          0          0       1495   mbfuncinput.o
        40         10          0          2         32       1275   mbfuncother.o
       296         42          0          2         40       3585   mbhandler.o
       664         70          0         12        256       5955   mbrtu.o
        34          0          0          0          0        572   mbutils.o
       140         22          0          0          0     300823   misc.o
         0          0          9         27          0       2006   modem.o
        76         24          0          2          0       2645   portevent.o
       528         42          0          0          0       3660   portserial.o
       178          4          0          0          0       2079   porttimer.o
        72          0          0          0          0       1373   ringbuf.o
        40          8          0          0        272        980   rs485_com.o
      1580        242          0         79         12       8392   sensor.o
      1766        200          0         16          0       9107   sht1x.o
        48         10          0          0        784       1016   sim900.o
        36          8        392          0       1024        900   startup_stm32f40xx.o
       422         22          0          0          0       6008   stm32f4xx_adc.o
       454         26          0          0          0       3114   stm32f4xx_dma.o
       200         18          0          0          0       2152   stm32f4xx_exti.o
       278          0          0          0          0       4202   stm32f4xx_gpio.o
       552         28          0          0          0       7249   stm32f4xx_i2c.o
        24          0          0          0          0       3276   stm32f4xx_it.o
       392         48          0         16          0       5689   stm32f4xx_rcc.o
        64          4          0          0          0        652   stm32f4xx_syscfg.o
       394         38          0          0          0       7871   stm32f4xx_tim.o
       752         42          0          0          0       7980   stm32f4xx_usart.o
        96         24          0          0          0       2822   stm32f4xx_wwdg.o
       246          0          0          8          0       2597   sys_time.o
         0          0          0          0          0       2560   system_config.o
       340         34          0         20          0       1609   system_stm32f4xx.o
       468         52          0         36          0      31883   systick.o
       740        122          0         19        284       3185   tracking.o
      1068         84          0          0       1560      33078   uart.o

    ----------------------------------------------------------------------
     20364       2098       1544        684       6792     532403   Object Totals
         0          0         32          0          0          0   (incl. Generated)
        40          0          0          6          4          0   (incl. Padding)

    ----------------------------------------------------------------------

      Code (inc. data)   RO Data    RW Data    ZI Data      Debug   Library Member Name

        92          0          0          0          0          0   __dczerorl2.o
         0          0          0          0          0          0   entry.o
         0          0          0          0          0          0   entry10a.o
         0          0          0          0          0          0   entry11a.o
         8          4          0          0          0          0   entry2.o
         4          0          0          0          0          0   entry5.o
         0          0          0          0          0          0   entry7b.o
         0          0          0          0          0          0   entry8b.o
         8          4          0          0          0          0   entry9a.o
        30          0          0          0          0          0   handlers.o
        36          8          0          0          0         68   init.o
         0          0          0          0          0          0   iusefp.o
        30          0          0          0          0         68   llshl.o
        36          0          0          0          0         68   llsshr.o
        32          0          0          0          0         68   llushr.o
        36          0          0          0          0         68   memcpya.o
      2242         90          0          0          0        444   printfa.o
         0          0          0          4          0          0   stdout.o
        44          0          0          0          0         80   uidiv.o
        98          0          0          0          0         92   uldiv.o
        40          2          0          0          0         68   cdrcmple.o
        56          0          0          0          0         88   d2f.o
       334          0          0          0          0        144   dadd.o
       222          0          0          0          0        100   ddiv.o
       190          0          0          0          0        176   depilogue.o
        48          0          0          0          0         68   dfixul.o
        26          0          0          0          0         76   dfltui.o
       228          0          0          0          0         92   dmul.o
        38          0          0          0          0         68   f2d.o
       108          0          0          0          0        168   fepilogue.o

    ----------------------------------------------------------------------
      3992        108          0          4          0       2004   Library Totals
         6          0          0          0          0          0   (incl. Padding)

    ----------------------------------------------------------------------

      Code (inc. data)   RO Data    RW Data    ZI Data      Debug   Library Name

      2696        106          0          4          0        956   mc_w.l
      1290          2          0          0          0       1048   mf_w.l

    ----------------------------------------------------------------------
      3992        108          0          4          0       2004   Library Totals

    ----------------------------------------------------------------------

==============================================================================


      Code (inc. data)   RO Data    RW Data    ZI Data      Debug   

     24356       2206       1544        688       6792     512119   Grand Totals
     24356       2206       1544        136       6792     512119   ELF Image Totals (compressed)
     24356       2206       1544        136          0          0   ROM Totals

==============================================================================

    Total RO  Size (Code + RO Data)                25900 (  25.29kB)
    Total RW  Size (RW Data + ZI Data)              7480 (   7.30kB)
    Total ROM Size (Code + RO Data + RW Data)      26036 (  25.43kB)

==============================================================================

